Archive member included to satisfy reference by file (symbol)

c:/st/stm32cubeide_1.8.0/stm32cubeide/plugins/com.st.stm32cube.ide.mcu.externaltools.gnu-tools-for-stm32.9-2020-q2-update.win32_2.0.0.202105311346/tools/bin/../lib/gcc/arm-none-eabi/9.3.1/../../../../arm-none-eabi/lib/thumb/v7e-m+fp/hard\libc_nano.a(lib_a-errno.o)
                              ./Core/Src/syscalls.o (__errno)
c:/st/stm32cubeide_1.8.0/stm32cubeide/plugins/com.st.stm32cube.ide.mcu.externaltools.gnu-tools-for-stm32.9-2020-q2-update.win32_2.0.0.202105311346/tools/bin/../lib/gcc/arm-none-eabi/9.3.1/../../../../arm-none-eabi/lib/thumb/v7e-m+fp/hard\libc_nano.a(lib_a-exit.o)
                              c:/st/stm32cubeide_1.8.0/stm32cubeide/plugins/com.st.stm32cube.ide.mcu.externaltools.gnu-tools-for-stm32.9-2020-q2-update.win32_2.0.0.202105311346/tools/bin/../lib/gcc/arm-none-eabi/9.3.1/../../../../arm-none-eabi/lib/thumb/v7e-m+fp/hard/crt0.o (exit)
c:/st/stm32cubeide_1.8.0/stm32cubeide/plugins/com.st.stm32cube.ide.mcu.externaltools.gnu-tools-for-stm32.9-2020-q2-update.win32_2.0.0.202105311346/tools/bin/../lib/gcc/arm-none-eabi/9.3.1/../../../../arm-none-eabi/lib/thumb/v7e-m+fp/hard\libc_nano.a(lib_a-findfp.o)
                              ./Middlewares/Third_Party/FreeRTOS/Source/tasks.o (__sf_fake_stderr)
c:/st/stm32cubeide_1.8.0/stm32cubeide/plugins/com.st.stm32cube.ide.mcu.externaltools.gnu-tools-for-stm32.9-2020-q2-update.win32_2.0.0.202105311346/tools/bin/../lib/gcc/arm-none-eabi/9.3.1/../../../../arm-none-eabi/lib/thumb/v7e-m+fp/hard\libc_nano.a(lib_a-fwalk.o)
                              c:/st/stm32cubeide_1.8.0/stm32cubeide/plugins/com.st.stm32cube.ide.mcu.externaltools.gnu-tools-for-stm32.9-2020-q2-update.win32_2.0.0.202105311346/tools/bin/../lib/gcc/arm-none-eabi/9.3.1/../../../../arm-none-eabi/lib/thumb/v7e-m+fp/hard\libc_nano.a(lib_a-findfp.o) (_fwalk)
c:/st/stm32cubeide_1.8.0/stm32cubeide/plugins/com.st.stm32cube.ide.mcu.externaltools.gnu-tools-for-stm32.9-2020-q2-update.win32_2.0.0.202105311346/tools/bin/../lib/gcc/arm-none-eabi/9.3.1/../../../../arm-none-eabi/lib/thumb/v7e-m+fp/hard\libc_nano.a(lib_a-impure.o)
                              c:/st/stm32cubeide_1.8.0/stm32cubeide/plugins/com.st.stm32cube.ide.mcu.externaltools.gnu-tools-for-stm32.9-2020-q2-update.win32_2.0.0.202105311346/tools/bin/../lib/gcc/arm-none-eabi/9.3.1/../../../../arm-none-eabi/lib/thumb/v7e-m+fp/hard\libc_nano.a(lib_a-exit.o) (_global_impure_ptr)
c:/st/stm32cubeide_1.8.0/stm32cubeide/plugins/com.st.stm32cube.ide.mcu.externaltools.gnu-tools-for-stm32.9-2020-q2-update.win32_2.0.0.202105311346/tools/bin/../lib/gcc/arm-none-eabi/9.3.1/../../../../arm-none-eabi/lib/thumb/v7e-m+fp/hard\libc_nano.a(lib_a-init.o)
                              c:/st/stm32cubeide_1.8.0/stm32cubeide/plugins/com.st.stm32cube.ide.mcu.externaltools.gnu-tools-for-stm32.9-2020-q2-update.win32_2.0.0.202105311346/tools/bin/../lib/gcc/arm-none-eabi/9.3.1/../../../../arm-none-eabi/lib/thumb/v7e-m+fp/hard/crt0.o (__libc_init_array)
c:/st/stm32cubeide_1.8.0/stm32cubeide/plugins/com.st.stm32cube.ide.mcu.externaltools.gnu-tools-for-stm32.9-2020-q2-update.win32_2.0.0.202105311346/tools/bin/../lib/gcc/arm-none-eabi/9.3.1/../../../../arm-none-eabi/lib/thumb/v7e-m+fp/hard\libc_nano.a(lib_a-lock.o)
                              c:/st/stm32cubeide_1.8.0/stm32cubeide/plugins/com.st.stm32cube.ide.mcu.externaltools.gnu-tools-for-stm32.9-2020-q2-update.win32_2.0.0.202105311346/tools/bin/../lib/gcc/arm-none-eabi/9.3.1/../../../../arm-none-eabi/lib/thumb/v7e-m+fp/hard\libc_nano.a(lib_a-findfp.o) (__retarget_lock_init_recursive)
c:/st/stm32cubeide_1.8.0/stm32cubeide/plugins/com.st.stm32cube.ide.mcu.externaltools.gnu-tools-for-stm32.9-2020-q2-update.win32_2.0.0.202105311346/tools/bin/../lib/gcc/arm-none-eabi/9.3.1/../../../../arm-none-eabi/lib/thumb/v7e-m+fp/hard\libc_nano.a(lib_a-memcpy-stub.o)
                              ./Middlewares/Third_Party/FreeRTOS/Source/queue.o (memcpy)
c:/st/stm32cubeide_1.8.0/stm32cubeide/plugins/com.st.stm32cube.ide.mcu.externaltools.gnu-tools-for-stm32.9-2020-q2-update.win32_2.0.0.202105311346/tools/bin/../lib/gcc/arm-none-eabi/9.3.1/../../../../arm-none-eabi/lib/thumb/v7e-m+fp/hard\libc_nano.a(lib_a-memset.o)
                              c:/st/stm32cubeide_1.8.0/stm32cubeide/plugins/com.st.stm32cube.ide.mcu.externaltools.gnu-tools-for-stm32.9-2020-q2-update.win32_2.0.0.202105311346/tools/bin/../lib/gcc/arm-none-eabi/9.3.1/../../../../arm-none-eabi/lib/thumb/v7e-m+fp/hard/crt0.o (memset)
c:/st/stm32cubeide_1.8.0/stm32cubeide/plugins/com.st.stm32cube.ide.mcu.externaltools.gnu-tools-for-stm32.9-2020-q2-update.win32_2.0.0.202105311346/tools/bin/../lib/gcc/arm-none-eabi/9.3.1/../../../../arm-none-eabi/lib/thumb/v7e-m+fp/hard\libc_nano.a(lib_a-nano-mallocr.o)
[...]
Memory Configuration

Name             Origin             Length             Attributes
CCMRAM           0x0000000010000000 0x0000000000010000 xrw
RAM              0x0000000020000000 0x0000000000020000 xrw
FLASH            0x0000000008010000 0x00000000000f0000 xr
*default*        0x0000000000000000 0xffffffffffffffff

Linker script and memory map

LOAD c:/st/stm32cubeide_1.8.0/stm32cubeide/plugins/com.st.stm32cube.ide.mcu.externaltools.gnu-tools-for-stm32.9-2020-q2-update.win32_2.0.0.202105311346/tools/bin/../lib/gcc/arm-none-eabi/9.3.1/thumb/v7e-m+fp/hard/crti.o
LOAD c:/st/stm32cubeide_1.8.0/stm32cubeide/plugins/com.st.stm32cube.ide.mcu.externaltools.gnu-tools-for-stm32.9-2020-q2-update.win32_2.0.0.202105311346/tools/bin/../lib/gcc/arm-none-eabi/9.3.1/thumb/v7e-m+fp/hard/crtbegin.o
LOAD c:/st/stm32cubeide_1.8.0/stm32cubeide/plugins/com.st.stm32cube.ide.mcu.externaltools.gnu-tools-for-stm32.9-2020-q2-update.win32_2.0.0.202105311346/tools/bin/../lib/gcc/arm-none-eabi/9.3.1/../../../../arm-none-eabi/lib/thumb/v7e-m+fp/hard/crt0.o
LOAD ./Core/Src/freertos.o
LOAD ./Core/Src/main.o
LOAD ./Core/Src/stm32f4xx_hal_msp.o
LOAD ./Core/Src/stm32f4xx_hal_timebase_tim.o
LOAD ./Core/Src/stm32f4xx_it.o
LOAD ./Core/Src/syscalls.o
LOAD ./Core/Src/sysmem.o
LOAD ./Core/Src/system_stm32f4xx.o
LOAD ./Core/Startup/startup_stm32f407igtx.o
LOAD ./Drivers/STM32F4xx_HAL_Driver/Src/stm32f4xx_hal.o
LOAD ./Drivers/STM32F4xx_HAL_Driver/Src/stm32f4xx_hal_adc.o
LOAD ./Drivers/STM32F4xx_HAL_Driver/Src/stm32f4xx_hal_adc_ex.o
LOAD ./Drivers/STM32F4xx_HAL_Driver/Src/stm32f4xx_hal_cortex.o
LOAD ./Drivers/STM32F4xx_HAL_Driver/Src/stm32f4xx_hal_dma.o
LOAD ./Drivers/STM32F4xx_HAL_Driver/Src/stm32f4xx_hal_dma_ex.o
LOAD ./Drivers/STM32F4xx_HAL_Driver/Src/stm32f4xx_hal_exti.o
LOAD ./Drivers/STM32F4xx_HAL_Driver/Src/stm32f4xx_hal_flash.o
LOAD ./Drivers/STM32F4xx_HAL_Driver/Src/stm32f4xx_hal_flash_ex.o
LOAD ./Drivers/STM32F4xx_HAL_Driver/Src/stm32f4xx_hal_flash_ramfunc.o
LOAD ./Drivers/STM32F4xx_HAL_Driver/Src/stm32f4xx_hal_gpio.o
LOAD ./Drivers/STM32F4xx_HAL_Driver/Src/stm32f4xx_hal_iwdg.o
LOAD ./Drivers/STM32F4xx_HAL_Driver/Src/stm32f4xx_hal_pwr.o
LOAD ./Drivers/STM32F4xx_HAL_Driver/Src/stm32f4xx_hal_pwr_ex.o
LOAD ./Drivers/STM32F4xx_HAL_Driver/Src/stm32f4xx_hal_rcc.o
LOAD ./Drivers/STM32F4xx_HAL_Driver/Src/stm32f4xx_hal_rcc_ex.o
LOAD ./Drivers/STM32F4xx_HAL_Driver/Src/stm32f4xx_hal_rtc.o
LOAD ./Drivers/STM32F4xx_HAL_Driver/Src/stm32f4xx_hal_rtc_ex.o
LOAD ./Drivers/STM32F4xx_HAL_Driver/Src/stm32f4xx_hal_spi.o
LOAD ./Drivers/STM32F4xx_HAL_Driver/Src/stm32f4xx_hal_tim.o
LOAD ./Drivers/STM32F4xx_HAL_Driver/Src/stm32f4xx_hal_tim_ex.o
LOAD ./Drivers/STM32F4xx_HAL_Driver/Src/stm32f4xx_hal_uart.o
LOAD ./Drivers/STM32F4xx_HAL_Driver/Src/stm32f4xx_ll_adc.o
LOAD ./Middlewares/Third_Party/FreeRTOS/Source/CMSIS_RTOS/cmsis_os.o
LOAD ./Middlewares/Third_Party/FreeRTOS/Source/croutine.o
LOAD ./Middlewares/Third_Party/FreeRTOS/Source/event_groups.o
LOAD ./Middlewares/Third_Party/FreeRTOS/Source/list.o
LOAD ./Middlewares/Third_Party/FreeRTOS/Source/queue.o
LOAD ./Middlewares/Third_Party/FreeRTOS/Source/stream_buffer.o
LOAD ./Middlewares/Third_Party/FreeRTOS/Source/tasks.o
LOAD ./Middlewares/Third_Party/FreeRTOS/Source/timers.o
LOAD ./Middlewares/Third_Party/FreeRTOS/Source/portable/GCC/ARM_CM4F/port.o
LOAD ./Middlewares/Third_Party/FreeRTOS/Source/portable/MemMang/heap_4.o
LOAD ./User/ArmingTask.o
LOAD ./User/CallRingCenteerTask.o
LOAD ./User/DisplayTask.o
LOAD ./User/EventWriteTask.o
LOAD ./User/IbuttonTask.o
LOAD ./User/LedTask .o
LOAD ./User/M95Task.o
LOAD ./User/MainTask.o
LOAD ./User/MeterTask.o
LOAD ./User/ModbusPacketTask.o
LOAD ./User/ModbusTask.o
LOAD ./User/ReadRegistersTask.o
LOAD ./User/SecurityTask.o
LOAD ./User/ce303.o
LOAD ./User/da04_11gwa.o
LOAD ./User/fm25v02.o
LOAD ./User/gpio.o
LOAD ./User/ibutton.o
LOAD ./User/m95.o
LOAD ./User/modbus.o
START GROUP
LOAD c:/st/stm32cubeide_1.8.0/stm32cubeide/plugins/com.st.stm32cube.ide.mcu.externaltools.gnu-tools-for-stm32.9-2020-q2-update.win32_2.0.0.202105311346/tools/bin/../lib/gcc/arm-none-eabi/9.3.1/../../../../arm-none-eabi/lib/thumb/v7e-m+fp/hard\libc_nano.a
LOAD c:/st/stm32cubeide_1.8.0/stm32cubeide/plugins/com.st.stm32cube.ide.mcu.externaltools.gnu-tools-for-stm32.9-2020-q2-update.win32_2.0.0.202105311346/tools/bin/../lib/gcc/arm-none-eabi/9.3.1/../../../../arm-none-eabi/lib/thumb/v7e-m+fp/hard\libm.a
END GROUP
START GROUP
LOAD c:/st/stm32cubeide_1.8.0/stm32cubeide/plugins/com.st.stm32cube.ide.mcu.externaltools.gnu-tools-for-stm32.9-2020-q2-update.win32_2.0.0.202105311346/tools/bin/../lib/gcc/arm-none-eabi/9.3.1/thumb/v7e-m+fp/hard\libgcc.a
LOAD c:/st/stm32cubeide_1.8.0/stm32cubeide/plugins/com.st.stm32cube.ide.mcu.externaltools.gnu-tools-for-stm32.9-2020-q2-update.win32_2.0.0.202105311346/tools/bin/../lib/gcc/arm-none-eabi/9.3.1/../../../../arm-none-eabi/lib/thumb/v7e-m+fp/hard\libc_nano.a
END GROUP
START GROUP
LOAD c:/st/stm32cubeide_1.8.0/stm32cubeide/plugins/com.st.stm32cube.ide.mcu.externaltools.gnu-tools-for-stm32.9-2020-q2-update.win32_2.0.0.202105311346/tools/bin/../lib/gcc/arm-none-eabi/9.3.1/thumb/v7e-m+fp/hard\libgcc.a
LOAD c:/st/stm32cubeide_1.8.0/stm32cubeide/plugins/com.st.stm32cube.ide.mcu.externaltools.gnu-tools-for-stm32.9-2020-q2-update.win32_2.0.0.202105311346/tools/bin/../lib/gcc/arm-none-eabi/9.3.1/../../../../arm-none-eabi/lib/thumb/v7e-m+fp/hard\libc_nano.a
LOAD c:/st/stm32cubeide_1.8.0/stm32cubeide/plugins/com.st.stm32cube.ide.mcu.externaltools.gnu-tools-for-stm32.9-2020-q2-update.win32_2.0.0.202105311346/tools/bin/../lib/gcc/arm-none-eabi/9.3.1/../../../../arm-none-eabi/lib/thumb/v7e-m+fp/hard\libnosys.a
END GROUP
START GROUP
LOAD c:/st/stm32cubeide_1.8.0/stm32cubeide/plugins/com.st.stm32cube.ide.mcu.externaltools.gnu-tools-for-stm32.9-2020-q2-update.win32_2.0.0.202105311346/tools/bin/../lib/gcc/arm-none-eabi/9.3.1/thumb/v7e-m+fp/hard\libgcc.a
LOAD c:/st/stm32cubeide_1.8.0/stm32cubeide/plugins/com.st.stm32cube.ide.mcu.externaltools.gnu-tools-for-stm32.9-2020-q2-update.win32_2.0.0.202105311346/tools/bin/../lib/gcc/arm-none-eabi/9.3.1/../../../../arm-none-eabi/lib/thumb/v7e-m+fp/hard\libc_nano.a
LOAD c:/st/stm32cubeide_1.8.0/stm32cubeide/plugins/com.st.stm32cube.ide.mcu.externaltools.gnu-tools-for-stm32.9-2020-q2-update.win32_2.0.0.202105311346/tools/bin/../lib/gcc/arm-none-eabi/9.3.1/../../../../arm-none-eabi/lib/thumb/v7e-m+fp/hard\libnosys.a
END GROUP
LOAD c:/st/stm32cubeide_1.8.0/stm32cubeide/plugins/com.st.stm32cube.ide.mcu.externaltools.gnu-tools-for-stm32.9-2020-q2-update.win32_2.0.0.202105311346/tools/bin/../lib/gcc/arm-none-eabi/9.3.1/thumb/v7e-m+fp/hard/crtend.o
LOAD c:/st/stm32cubeide_1.8.0/stm32cubeide/plugins/com.st.stm32cube.ide.mcu.externaltools.gnu-tools-for-stm32.9-2020-q2-update.win32_2.0.0.202105311346/tools/bin/../lib/gcc/arm-none-eabi/9.3.1/thumb/v7e-m+fp/hard/crtn.o
                0x0000000020020000                _estack = (ORIGIN (RAM) + LENGTH (RAM))
                0x0000000000000200                _Min_Heap_Size = 0x200
                0x0000000000000400                _Min_Stack_Size = 0x400

.isr_vector     0x0000000008010000      0x188
                0x0000000008010000                . = ALIGN (0x4)
 *(.isr_vector)
 .isr_vector    0x0000000008010000      0x188 ./Core/Startup/startup_stm32f407igtx.o
                0x0000000008010000                g_pfnVectors
                0x0000000008010188                . = ALIGN (0x4)

.text           0x0000000008010190    0x1a054
                0x0000000008010190                . = ALIGN (0x4)
 *(.text)
 .text          0x0000000008010190       0x40 c:/st/stm32cubeide_1.8.0/stm32cubeide/plugins/com.st.stm32cube.ide.mcu.externaltools.gnu-tools-for-stm32.9-2020-q2-update.win32_2.0.0.202105311346/tools/bin/../lib/gcc/arm-none-eabi/9.3.1/thumb/v7e-m+fp/hard/crtbegin.o
 .text          0x00000000080101d0       0x10 c:/st/stm32cubeide_1.8.0/stm32cubeide/plugins/com.st.stm32cube.ide.mcu.externaltools.gnu-tools-for-stm32.9-2020-q2-update.win32_2.0.0.202105311346/tools/bin/../lib/gcc/arm-none-eabi/9.3.1/../../../../arm-none-eabi/lib/thumb/v7e-m+fp/hard\libc_nano.a(lib_a-strlen.o)
                0x00000000080101d0                strlen
 .text          0x00000000080101e0       0xa0 c:/st/stm32cubeide_1.8.0/stm32cubeide/plugins/com.st.stm32cube.ide.mcu.externaltools.gnu-tools-for-stm32.9-2020-q2-update.win32_2.0.0.202105311346/tools/bin/../lib/gcc/arm-none-eabi/9.3.1/../../../../arm-none-eabi/lib/thumb/v7e-m+fp/hard\libc_nano.a(lib_a-memchr.o)
                0x00000000080101e0                memchr
 .text          0x0000000008010280       0x30 c:/st/stm32cubeide_1.8.0/stm32cubeide/plugins/com.st.stm32cube.ide.mcu.externaltools.gnu-tools-for-stm32.9-2020-q2-update.win32_2.0.0.202105311346/tools/bin/../lib/gcc/arm-none-eabi/9.3.1/thumb/v7e-m+fp/hard\libgcc.a(_aeabi_uldivmod.o)
                0x0000000008010280                __aeabi_uldivmod
 .text          0x00000000080102b0      0x2c4 c:/st/stm32cubeide_1.8.0/stm32cubeide/plugins/com.st.stm32cube.ide.mcu.externaltools.gnu-tools-for-stm32.9-2020-q2-update.win32_2.0.0.202105311346/tools/bin/../lib/gcc/arm-none-eabi/9.3.1/thumb/v7e-m+fp/hard\libgcc.a(_udivmoddi4.o)
                0x00000000080102b0                __udivmoddi4
 .text          0x0000000008010574        0x4 c:/st/stm32cubeide_1.8.0/stm32cubeide/plugins/com.st.stm32cube.ide.mcu.externaltools.gnu-tools-for-stm32.9-2020-q2-update.win32_2.0.0.202105311346/tools/bin/../lib/gcc/arm-none-eabi/9.3.1/thumb/v7e-m+fp/hard\libgcc.a(_dvmd_tls.o)
                0x0000000008010574                __aeabi_idiv0
                0x0000000008010574                __aeabi_ldiv0
 *(.text*)
 .text.vApplicationGetIdleTaskMemory
                0x0000000008010578       0x34 ./Core/Src/freertos.o
                0x0000000008010578                vApplicationGetIdleTaskMemory
 .text.vApplicationGetTimerTaskMemory
                0x00000000080105ac       0x34 ./Core/Src/freertos.o
                0x00000000080105ac                vApplicationGetTimerTaskMemory
 .text.__NVIC_SystemReset
                0x00000000080105e0       0x2c ./Core/Src/main.o
 .text.HAL_UART_TxCpltCallback
                0x000000000801060c       0x6c ./Core/Src/main.o
                0x000000000801060c                HAL_UART_TxCpltCallback
 .text.HAL_UART_RxCpltCallback
                0x0000000008010678       0xc4 ./Core/Src/main.o
                0x0000000008010678                HAL_UART_RxCpltCallback
 .text.main     0x000000000801073c      0x434 ./Core/Src/main.o
                0x000000000801073c                main
 .text.SystemClock_Config
                0x0000000008010b70       0xdc ./Core/Src/main.o
                0x0000000008010b70                SystemClock_Config
 .text.MX_ADC1_Init
                0x0000000008010c4c      0x120 ./Core/Src/main.o
 .text.MX_IWDG_Init
                0x0000000008010d6c       0x34 ./Core/Src/main.o
 .text.MX_RTC_Init
                0x0000000008010da0       0x88 ./Core/Src/main.o
 .text.MX_SPI2_Init
                0x0000000008010e28       0x6c ./Core/Src/main.o
 .text.MX_USART1_UART_Init
                0x0000000008010e94       0x54 ./Core/Src/main.o
 .text.MX_USART3_UART_Init
                0x0000000008010ee8       0x54 ./Core/Src/main.o
 .text.MX_USART6_UART_Init
                0x0000000008010f3c       0x54 ./Core/Src/main.o
 .text.MX_DMA_Init
                0x0000000008010f90       0x8c ./Core/Src/main.o
 .text.MX_GPIO_Init
                0x000000000801101c      0x328 ./Core/Src/main.o
 .text.Callback_AT_Timer
                0x0000000008011344       0x20 ./Core/Src/main.o
                0x0000000008011344                Callback_AT_Timer
 .text.Callback_Ring_Center_Timer
                0x0000000008011364       0x20 ./Core/Src/main.o
                0x0000000008011364                Callback_Ring_Center_Timer
 .text.StartDefaultTask
                0x0000000008011384       0x20 ./Core/Src/main.o
                0x0000000008011384                StartDefaultTask
 .text.HAL_TIM_PeriodElapsedCallback
                0x00000000080113a4       0x24 ./Core/Src/main.o
                0x00000000080113a4                HAL_TIM_PeriodElapsedCallback
 .text.Error_Handler
                0x00000000080113c8        0x8 ./Core/Src/main.o
                0x00000000080113c8                Error_Handler
 .text.HAL_MspInit
                0x00000000080113d0       0x58 ./Core/Src/stm32f4xx_hal_msp.o
                0x00000000080113d0                HAL_MspInit
 .text.HAL_ADC_MspInit
                0x0000000008011428       0x88 ./Core/Src/stm32f4xx_hal_msp.o
                0x0000000008011428                HAL_ADC_MspInit
 .text.HAL_RTC_MspInit
                0x00000000080114b0       0x54 ./Core/Src/stm32f4xx_hal_msp.o
                0x00000000080114b0                HAL_RTC_MspInit
 .text.HAL_SPI_MspInit
                0x0000000008011504       0x90 ./Core/Src/stm32f4xx_hal_msp.o
                0x0000000008011504                HAL_SPI_MspInit
 .text.HAL_UART_MspInit
                0x0000000008011594      0x320 ./Core/Src/stm32f4xx_hal_msp.o
                0x0000000008011594                HAL_UART_MspInit
 .text.HAL_InitTick
                0x00000000080118b4       0xb4 ./Core/Src/stm32f4xx_hal_timebase_tim.o
                0x00000000080118b4                HAL_InitTick
 .text.NMI_Handler
                0x0000000008011968        0x6 ./Core/Src/stm32f4xx_it.o
                0x0000000008011968                NMI_Handler
 .text.HardFault_Handler
                0x000000000801196e        0x6 ./Core/Src/stm32f4xx_it.o
                0x000000000801196e                HardFault_Handler
 .text.MemManage_Handler
                0x0000000008011974        0x6 ./Core/Src/stm32f4xx_it.o
                0x0000000008011974                MemManage_Handler
 .text.BusFault_Handler
                0x000000000801197a        0x6 ./Core/Src/stm32f4xx_it.o
                0x000000000801197a                BusFault_Handler
 .text.UsageFault_Handler
                0x0000000008011980        0x6 ./Core/Src/stm32f4xx_it.o
                0x0000000008011980                UsageFault_Handler
 .text.DebugMon_Handler
                0x0000000008011986        0xe ./Core/Src/stm32f4xx_it.o
                0x0000000008011986                DebugMon_Handler
 .text.DMA1_Stream1_IRQHandler
                0x0000000008011994       0x14 ./Core/Src/stm32f4xx_it.o
                0x0000000008011994                DMA1_Stream1_IRQHandler
 .text.DMA1_Stream3_IRQHandler
                0x00000000080119a8       0x14 ./Core/Src/stm32f4xx_it.o
                0x00000000080119a8                DMA1_Stream3_IRQHandler
 .text.TIM1_UP_TIM10_IRQHandler
                0x00000000080119bc       0x14 ./Core/Src/stm32f4xx_it.o
                0x00000000080119bc                TIM1_UP_TIM10_IRQHandler
 .text.USART3_IRQHandler
                0x00000000080119d0       0x14 ./Core/Src/stm32f4xx_it.o
                0x00000000080119d0                USART3_IRQHandler
 .text.DMA2_Stream1_IRQHandler
                0x00000000080119e4       0x14 ./Core/Src/stm32f4xx_it.o
                0x00000000080119e4                DMA2_Stream1_IRQHandler
 .text.DMA2_Stream6_IRQHandler
                0x00000000080119f8       0x14 ./Core/Src/stm32f4xx_it.o
                0x00000000080119f8                DMA2_Stream6_IRQHandler
 .text.USART6_IRQHandler
                0x0000000008011a0c       0x14 ./Core/Src/stm32f4xx_it.o
                0x0000000008011a0c                USART6_IRQHandler
 .text._read    0x0000000008011a20       0x3a ./Core/Src/syscalls.o
                0x0000000008011a20                _read
 .text._write   0x0000000008011a5a       0x38 ./Core/Src/syscalls.o
                0x0000000008011a5a                _write
 .text._close   0x0000000008011a92       0x18 ./Core/Src/syscalls.o
                0x0000000008011a92                _close
 .text._fstat   0x0000000008011aaa       0x20 ./Core/Src/syscalls.o
                0x0000000008011aaa                _fstat
 .text._isatty  0x0000000008011aca       0x16 ./Core/Src/syscalls.o
                0x0000000008011aca                _isatty
 .text._lseek   0x0000000008011ae0       0x1a ./Core/Src/syscalls.o
                0x0000000008011ae0                _lseek
 *fill*         0x0000000008011afa        0x2 
 .text._sbrk    0x0000000008011afc       0x6c ./Core/Src/sysmem.o
                0x0000000008011afc                _sbrk
 .text.SystemInit
                0x0000000008011b68       0x2c ./Core/Src/system_stm32f4xx.o
                0x0000000008011b68                SystemInit
 .text.Reset_Handler
                0x0000000008011b94       0x50 ./Core/Startup/startup_stm32f407igtx.o
                0x0000000008011b94                Reset_Handler
 .text.Default_Handler
                0x0000000008011be4        0x2 ./Core/Startup/startup_stm32f407igtx.o
                0x0000000008011be4                RTC_Alarm_IRQHandler
                0x0000000008011be4                HASH_RNG_IRQHandler
                0x0000000008011be4                EXTI2_IRQHandler
                0x0000000008011be4                TIM8_CC_IRQHandler
                0x0000000008011be4                TIM1_CC_IRQHandler
                0x0000000008011be4                DMA2_Stream5_IRQHandler
                0x0000000008011be4                DMA1_Stream5_IRQHandler
                0x0000000008011be4                PVD_IRQHandler
                0x0000000008011be4                SDIO_IRQHandler
                0x0000000008011be4                TAMP_STAMP_IRQHandler
                0x0000000008011be4                CAN2_RX1_IRQHandler
                0x0000000008011be4                EXTI3_IRQHandler
                0x0000000008011be4                TIM8_TRG_COM_TIM14_IRQHandler
                0x0000000008011be4                TIM8_UP_TIM13_IRQHandler
                0x0000000008011be4                I2C3_ER_IRQHandler
                0x0000000008011be4                EXTI0_IRQHandler
                0x0000000008011be4                I2C2_EV_IRQHandler
                0x0000000008011be4                DMA1_Stream2_IRQHandler
                0x0000000008011be4                CAN1_RX0_IRQHandler
                0x0000000008011be4                FPU_IRQHandler
                0x0000000008011be4                OTG_HS_WKUP_IRQHandler
                0x0000000008011be4                CAN2_SCE_IRQHandler
                0x0000000008011be4                DMA2_Stream2_IRQHandler
                0x0000000008011be4                SPI1_IRQHandler
                0x0000000008011be4                TIM6_DAC_IRQHandler
                0x0000000008011be4                TIM1_BRK_TIM9_IRQHandler
                0x0000000008011be4                DCMI_IRQHandler
                0x0000000008011be4                CAN2_RX0_IRQHandler
                0x0000000008011be4                DMA2_Stream3_IRQHandler
                0x0000000008011be4                CAN1_RX1_IRQHandler
                0x0000000008011be4                UART5_IRQHandler
                0x0000000008011be4                DMA2_Stream0_IRQHandler
                0x0000000008011be4                TIM4_IRQHandler
                0x0000000008011be4                I2C1_EV_IRQHandler
                0x0000000008011be4                DMA1_Stream6_IRQHandler
                0x0000000008011be4                UART4_IRQHandler
                0x0000000008011be4                TIM3_IRQHandler
                0x0000000008011be4                RCC_IRQHandler
                0x0000000008011be4                TIM8_BRK_TIM12_IRQHandler
                0x0000000008011be4                Default_Handler
                0x0000000008011be4                EXTI15_10_IRQHandler
                0x0000000008011be4                ADC_IRQHandler
                0x0000000008011be4                DMA1_Stream7_IRQHandler
                0x0000000008011be4                TIM7_IRQHandler
                0x0000000008011be4                CAN2_TX_IRQHandler
                0x0000000008011be4                TIM5_IRQHandler
                0x0000000008011be4                DMA2_Stream7_IRQHandler
                0x0000000008011be4                I2C3_EV_IRQHandler
                0x0000000008011be4                EXTI9_5_IRQHandler
                0x0000000008011be4                RTC_WKUP_IRQHandler
                0x0000000008011be4                ETH_WKUP_IRQHandler
                0x0000000008011be4                SPI2_IRQHandler
                0x0000000008011be4                OTG_HS_EP1_IN_IRQHandler
                0x0000000008011be4                DMA1_Stream0_IRQHandler
                0x0000000008011be4                CAN1_TX_IRQHandler
                0x0000000008011be4                EXTI4_IRQHandler
                0x0000000008011be4                FSMC_IRQHandler
                0x0000000008011be4                ETH_IRQHandler
                0x0000000008011be4                OTG_HS_EP1_OUT_IRQHandler
                0x0000000008011be4                WWDG_IRQHandler
                0x0000000008011be4                TIM2_IRQHandler
                0x0000000008011be4                OTG_FS_WKUP_IRQHandler
                0x0000000008011be4                TIM1_TRG_COM_TIM11_IRQHandler
                0x0000000008011be4                OTG_HS_IRQHandler
                0x0000000008011be4                EXTI1_IRQHandler
                0x0000000008011be4                USART2_IRQHandler
                0x0000000008011be4                I2C2_ER_IRQHandler
                0x0000000008011be4                CAN1_SCE_IRQHandler
                0x0000000008011be4                FLASH_IRQHandler
                0x0000000008011be4                DMA2_Stream4_IRQHandler
                0x0000000008011be4                USART1_IRQHandler
                0x0000000008011be4                OTG_FS_IRQHandler
                0x0000000008011be4                SPI3_IRQHandler
                0x0000000008011be4                DMA1_Stream4_IRQHandler
                0x0000000008011be4                I2C1_ER_IRQHandler
 *fill*         0x0000000008011be6        0x2 
 .text.HAL_Init
                0x0000000008011be8       0x44 ./Drivers/STM32F4xx_HAL_Driver/Src/stm32f4xx_hal.o
                0x0000000008011be8                HAL_Init
 .text.HAL_IncTick
                0x0000000008011c2c       0x28 ./Drivers/STM32F4xx_HAL_Driver/Src/stm32f4xx_hal.o
                0x0000000008011c2c                HAL_IncTick
 .text.HAL_GetTick
                0x0000000008011c54       0x18 ./Drivers/STM32F4xx_HAL_Driver/Src/stm32f4xx_hal.o
                0x0000000008011c54                HAL_GetTick
 .text.HAL_Delay
                0x0000000008011c6c       0x48 ./Drivers/STM32F4xx_HAL_Driver/Src/stm32f4xx_hal.o
                0x0000000008011c6c                HAL_Delay
 .text.HAL_ADC_Init
                0x0000000008011cb4       0x86 ./Drivers/STM32F4xx_HAL_Driver/Src/stm32f4xx_hal_adc.o
                0x0000000008011cb4                HAL_ADC_Init
 *fill*         0x0000000008011d3a        0x2 
 .text.HAL_ADC_ConfigChannel
                0x0000000008011d3c      0x244 ./Drivers/STM32F4xx_HAL_Driver/Src/stm32f4xx_hal_adc.o
                0x0000000008011d3c                HAL_ADC_ConfigChannel
 .text.ADC_Init
                0x0000000008011f80      0x1f8 ./Drivers/STM32F4xx_HAL_Driver/Src/stm32f4xx_hal_adc.o
 .text.HAL_ADCEx_InjectedConfigChannel
                0x0000000008012178      0x32c ./Drivers/STM32F4xx_HAL_Driver/Src/stm32f4xx_hal_adc_ex.o
                0x0000000008012178                HAL_ADCEx_InjectedConfigChannel
 .text.__NVIC_SetPriorityGrouping
                0x00000000080124a4       0x48 ./Drivers/STM32F4xx_HAL_Driver/Src/stm32f4xx_hal_cortex.o
 .text.__NVIC_GetPriorityGrouping
                0x00000000080124ec       0x1c ./Drivers/STM32F4xx_HAL_Driver/Src/stm32f4xx_hal_cortex.o
 .text.__NVIC_EnableIRQ
                0x0000000008012508       0x3c ./Drivers/STM32F4xx_HAL_Driver/Src/stm32f4xx_hal_cortex.o
 .text.__NVIC_SetPriority
                0x0000000008012544       0x54 ./Drivers/STM32F4xx_HAL_Driver/Src/stm32f4xx_hal_cortex.o
 .text.NVIC_EncodePriority
                0x0000000008012598       0x66 ./Drivers/STM32F4xx_HAL_Driver/Src/stm32f4xx_hal_cortex.o
 .text.HAL_NVIC_SetPriorityGrouping
                0x00000000080125fe       0x16 ./Drivers/STM32F4xx_HAL_Driver/Src/stm32f4xx_hal_cortex.o
                0x00000000080125fe                HAL_NVIC_SetPriorityGrouping
 .text.HAL_NVIC_SetPriority
                0x0000000008012614       0x38 ./Drivers/STM32F4xx_HAL_Driver/Src/stm32f4xx_hal_cortex.o
                0x0000000008012614                HAL_NVIC_SetPriority
 .text.HAL_NVIC_EnableIRQ
                0x000000000801264c       0x1c ./Drivers/STM32F4xx_HAL_Driver/Src/stm32f4xx_hal_cortex.o
                0x000000000801264c                HAL_NVIC_EnableIRQ
 .text.HAL_DMA_Init
                0x0000000008012668      0x15c ./Drivers/STM32F4xx_HAL_Driver/Src/stm32f4xx_hal_dma.o
                0x0000000008012668                HAL_DMA_Init
 .text.HAL_DMA_Start_IT
                0x00000000080127c4       0xb0 ./Drivers/STM32F4xx_HAL_Driver/Src/stm32f4xx_hal_dma.o
                0x00000000080127c4                HAL_DMA_Start_IT
 .text.HAL_DMA_Abort
                0x0000000008012874       0xe0 ./Drivers/STM32F4xx_HAL_Driver/Src/stm32f4xx_hal_dma.o
                0x0000000008012874                HAL_DMA_Abort
 .text.HAL_DMA_Abort_IT
                0x0000000008012954       0x44 ./Drivers/STM32F4xx_HAL_Driver/Src/stm32f4xx_hal_dma.o
                0x0000000008012954                HAL_DMA_Abort_IT
 .text.HAL_DMA_IRQHandler
                0x0000000008012998      0x314 ./Drivers/STM32F4xx_HAL_Driver/Src/stm32f4xx_hal_dma.o
                0x0000000008012998                HAL_DMA_IRQHandler
 .text.DMA_SetConfig
                0x0000000008012cac       0x5c ./Drivers/STM32F4xx_HAL_Driver/Src/stm32f4xx_hal_dma.o
 .text.DMA_CalcBaseAndBitshift
                0x0000000008012d08       0x6c ./Drivers/STM32F4xx_HAL_Driver/Src/stm32f4xx_hal_dma.o
 .text.DMA_CheckFifoParam
                0x0000000008012d74       0xf8 ./Drivers/STM32F4xx_HAL_Driver/Src/stm32f4xx_hal_dma.o
 .text.HAL_GPIO_Init
                0x0000000008012e6c      0x338 ./Drivers/STM32F4xx_HAL_Driver/Src/stm32f4xx_hal_gpio.o
                0x0000000008012e6c                HAL_GPIO_Init
 .text.HAL_GPIO_ReadPin
                0x00000000080131a4       0x30 ./Drivers/STM32F4xx_HAL_Driver/Src/stm32f4xx_hal_gpio.o
                0x00000000080131a4                HAL_GPIO_ReadPin
 .text.HAL_GPIO_WritePin
                0x00000000080131d4       0x32 ./Drivers/STM32F4xx_HAL_Driver/Src/stm32f4xx_hal_gpio.o
                0x00000000080131d4                HAL_GPIO_WritePin
 .text.HAL_GPIO_TogglePin
                0x0000000008013206       0x34 ./Drivers/STM32F4xx_HAL_Driver/Src/stm32f4xx_hal_gpio.o
                0x0000000008013206                HAL_GPIO_TogglePin
 .text.HAL_IWDG_Init
                0x000000000801323a       0x84 ./Drivers/STM32F4xx_HAL_Driver/Src/stm32f4xx_hal_iwdg.o
                0x000000000801323a                HAL_IWDG_Init
 .text.HAL_IWDG_Refresh
                0x00000000080132be       0x20 ./Drivers/STM32F4xx_HAL_Driver/Src/stm32f4xx_hal_iwdg.o
                0x00000000080132be                HAL_IWDG_Refresh
 *fill*         0x00000000080132de        0x2 
 .text.HAL_RCC_OscConfig
                0x00000000080132e0      0x4f0 ./Drivers/STM32F4xx_HAL_Driver/Src/stm32f4xx_hal_rcc.o
                0x00000000080132e0                HAL_RCC_OscConfig
 .text.HAL_RCC_ClockConfig
                0x00000000080137d0      0x1cc ./Drivers/STM32F4xx_HAL_Driver/Src/stm32f4xx_hal_rcc.o
                0x00000000080137d0                HAL_RCC_ClockConfig
 .text.HAL_RCC_GetSysClockFreq
                0x000000000801399c      0x16c ./Drivers/STM32F4xx_HAL_Driver/Src/stm32f4xx_hal_rcc.o
                0x000000000801399c                HAL_RCC_GetSysClockFreq
 .text.HAL_RCC_GetHCLKFreq
                0x0000000008013b08       0x18 ./Drivers/STM32F4xx_HAL_Driver/Src/stm32f4xx_hal_rcc.o
                0x0000000008013b08                HAL_RCC_GetHCLKFreq
 .text.HAL_RCC_GetPCLK1Freq
                0x0000000008013b20       0x28 ./Drivers/STM32F4xx_HAL_Driver/Src/stm32f4xx_hal_rcc.o
                0x0000000008013b20                HAL_RCC_GetPCLK1Freq
 .text.HAL_RCC_GetPCLK2Freq
                0x0000000008013b48       0x28 ./Drivers/STM32F4xx_HAL_Driver/Src/stm32f4xx_hal_rcc.o
                0x0000000008013b48                HAL_RCC_GetPCLK2Freq
 .text.HAL_RCC_GetClockConfig
                0x0000000008013b70       0x64 ./Drivers/STM32F4xx_HAL_Driver/Src/stm32f4xx_hal_rcc.o
                0x0000000008013b70                HAL_RCC_GetClockConfig
 .text.HAL_RCCEx_PeriphCLKConfig
                0x0000000008013bd4      0x1c4 ./Drivers/STM32F4xx_HAL_Driver/Src/stm32f4xx_hal_rcc_ex.o
                0x0000000008013bd4                HAL_RCCEx_PeriphCLKConfig
 .text.HAL_RTC_Init
                0x0000000008013d98       0xec ./Drivers/STM32F4xx_HAL_Driver/Src/stm32f4xx_hal_rtc.o
                0x0000000008013d98                HAL_RTC_Init
 .text.HAL_RTC_SetTime
                0x0000000008013e84      0x134 ./Drivers/STM32F4xx_HAL_Driver/Src/stm32f4xx_hal_rtc.o
                0x0000000008013e84                HAL_RTC_SetTime
 .text.HAL_RTC_GetTime
                0x0000000008013fb8       0xbc ./Drivers/STM32F4xx_HAL_Driver/Src/stm32f4xx_hal_rtc.o
                0x0000000008013fb8                HAL_RTC_GetTime
 .text.HAL_RTC_SetDate
                0x0000000008014074      0x108 ./Drivers/STM32F4xx_HAL_Driver/Src/stm32f4xx_hal_rtc.o
                0x0000000008014074                HAL_RTC_SetDate
 .text.HAL_RTC_GetDate
                0x000000000801417c       0x9e ./Drivers/STM32F4xx_HAL_Driver/Src/stm32f4xx_hal_rtc.o
                0x000000000801417c                HAL_RTC_GetDate
 .text.HAL_RTC_WaitForSynchro
                0x000000000801421a       0x50 ./Drivers/STM32F4xx_HAL_Driver/Src/stm32f4xx_hal_rtc.o
                0x000000000801421a                HAL_RTC_WaitForSynchro
 .text.RTC_EnterInitMode
                0x000000000801426a       0x6e ./Drivers/STM32F4xx_HAL_Driver/Src/stm32f4xx_hal_rtc.o
                0x000000000801426a                RTC_EnterInitMode
 .text.RTC_ExitInitMode
                0x00000000080142d8       0x4a ./Drivers/STM32F4xx_HAL_Driver/Src/stm32f4xx_hal_rtc.o
                0x00000000080142d8                RTC_ExitInitMode
 .text.RTC_ByteToBcd2
                0x0000000008014322       0x3a ./Drivers/STM32F4xx_HAL_Driver/Src/stm32f4xx_hal_rtc.o
                0x0000000008014322                RTC_ByteToBcd2
 .text.RTC_Bcd2ToByte
                0x000000000801435c       0x38 ./Drivers/STM32F4xx_HAL_Driver/Src/stm32f4xx_hal_rtc.o
                0x000000000801435c                RTC_Bcd2ToByte
 .text.HAL_SPI_Init
                0x0000000008014394      0x112 ./Drivers/STM32F4xx_HAL_Driver/Src/stm32f4xx_hal_spi.o
                0x0000000008014394                HAL_SPI_Init
 .text.HAL_SPI_Transmit
                0x00000000080144a6      0x278 ./Drivers/STM32F4xx_HAL_Driver/Src/stm32f4xx_hal_spi.o
                0x00000000080144a6                HAL_SPI_Transmit
 .text.HAL_SPI_Receive
                0x000000000801471e      0x222 ./Drivers/STM32F4xx_HAL_Driver/Src/stm32f4xx_hal_spi.o
                0x000000000801471e                HAL_SPI_Receive
 .text.HAL_SPI_TransmitReceive
                0x0000000008014940      0x344 ./Drivers/STM32F4xx_HAL_Driver/Src/stm32f4xx_hal_spi.o
                0x0000000008014940                HAL_SPI_TransmitReceive
 .text.SPI_WaitFlagStateUntilTimeout
                0x0000000008014c84      0x110 ./Drivers/STM32F4xx_HAL_Driver/Src/stm32f4xx_hal_spi.o
 .text.SPI_EndRxTransaction
                0x0000000008014d94       0xca ./Drivers/STM32F4xx_HAL_Driver/Src/stm32f4xx_hal_spi.o
 *fill*         0x0000000008014e5e        0x2 
 .text.SPI_EndRxTxTransaction
                0x0000000008014e60       0x84 ./Drivers/STM32F4xx_HAL_Driver/Src/stm32f4xx_hal_spi.o
 .text.HAL_TIM_Base_Init
                0x0000000008014ee4       0x9e ./Drivers/STM32F4xx_HAL_Driver/Src/stm32f4xx_hal_tim.o
                0x0000000008014ee4                HAL_TIM_Base_Init
 .text.HAL_TIM_Base_MspInit
                0x0000000008014f82       0x14 ./Drivers/STM32F4xx_HAL_Driver/Src/stm32f4xx_hal_tim.o
                0x0000000008014f82                HAL_TIM_Base_MspInit
 *fill*         0x0000000008014f96        0x2 
 .text.HAL_TIM_Base_Start_IT
                0x0000000008014f98       0xe0 ./Drivers/STM32F4xx_HAL_Driver/Src/stm32f4xx_hal_tim.o
                0x0000000008014f98                HAL_TIM_Base_Start_IT
 .text.HAL_TIM_IRQHandler
                0x0000000008015078      0x210 ./Drivers/STM32F4xx_HAL_Driver/Src/stm32f4xx_hal_tim.o
                0x0000000008015078                HAL_TIM_IRQHandler
 .text.HAL_TIM_OC_DelayElapsedCallback
                0x0000000008015288       0x14 ./Drivers/STM32F4xx_HAL_Driver/Src/stm32f4xx_hal_tim.o
                0x0000000008015288                HAL_TIM_OC_DelayElapsedCallback
 .text.HAL_TIM_IC_CaptureCallback
                0x000000000801529c       0x14 ./Drivers/STM32F4xx_HAL_Driver/Src/stm32f4xx_hal_tim.o
                0x000000000801529c                HAL_TIM_IC_CaptureCallback
 .text.HAL_TIM_PWM_PulseFinishedCallback
                0x00000000080152b0       0x14 ./Drivers/STM32F4xx_HAL_Driver/Src/stm32f4xx_hal_tim.o
                0x00000000080152b0                HAL_TIM_PWM_PulseFinishedCallback
 .text.HAL_TIM_TriggerCallback
                0x00000000080152c4       0x14 ./Drivers/STM32F4xx_HAL_Driver/Src/stm32f4xx_hal_tim.o
                0x00000000080152c4                HAL_TIM_TriggerCallback
 .text.TIM_Base_SetConfig
                0x00000000080152d8      0x140 ./Drivers/STM32F4xx_HAL_Driver/Src/stm32f4xx_hal_tim.o
                0x00000000080152d8                TIM_Base_SetConfig
 .text.HAL_TIMEx_CommutCallback
                0x0000000008015418       0x14 ./Drivers/STM32F4xx_HAL_Driver/Src/stm32f4xx_hal_tim_ex.o
                0x0000000008015418                HAL_TIMEx_CommutCallback
 .text.HAL_TIMEx_BreakCallback
                0x000000000801542c       0x14 ./Drivers/STM32F4xx_HAL_Driver/Src/stm32f4xx_hal_tim_ex.o
                0x000000000801542c                HAL_TIMEx_BreakCallback
 .text.HAL_UART_Init
                0x0000000008015440       0x9a ./Drivers/STM32F4xx_HAL_Driver/Src/stm32f4xx_hal_uart.o
                0x0000000008015440                HAL_UART_Init
 .text.HAL_UART_Transmit
                0x00000000080154da      0x124 ./Drivers/STM32F4xx_HAL_Driver/Src/stm32f4xx_hal_uart.o
                0x00000000080154da                HAL_UART_Transmit
 .text.HAL_UART_Receive
                0x00000000080155fe      0x144 ./Drivers/STM32F4xx_HAL_Driver/Src/stm32f4xx_hal_uart.o
                0x00000000080155fe                HAL_UART_Receive
 *fill*         0x0000000008015742        0x2 
 .text.HAL_UART_Transmit_DMA
                0x0000000008015744       0xfc ./Drivers/STM32F4xx_HAL_Driver/Src/stm32f4xx_hal_uart.o
                0x0000000008015744                HAL_UART_Transmit_DMA
 .text.HAL_UART_Receive_DMA
                0x0000000008015840       0x60 ./Drivers/STM32F4xx_HAL_Driver/Src/stm32f4xx_hal_uart.o
                0x0000000008015840                HAL_UART_Receive_DMA
 .text.HAL_UART_IRQHandler
                0x00000000080158a0      0x51c ./Drivers/STM32F4xx_HAL_Driver/Src/stm32f4xx_hal_uart.o
                0x00000000080158a0                HAL_UART_IRQHandler
 .text.HAL_UART_TxHalfCpltCallback
                0x0000000008015dbc       0x14 ./Drivers/STM32F4xx_HAL_Driver/Src/stm32f4xx_hal_uart.o
                0x0000000008015dbc                HAL_UART_TxHalfCpltCallback
 .text.HAL_UART_RxHalfCpltCallback
                0x0000000008015dd0       0x14 ./Drivers/STM32F4xx_HAL_Driver/Src/stm32f4xx_hal_uart.o
                0x0000000008015dd0                HAL_UART_RxHalfCpltCallback
 .text.HAL_UART_ErrorCallback
                0x0000000008015de4       0x14 ./Drivers/STM32F4xx_HAL_Driver/Src/stm32f4xx_hal_uart.o
                0x0000000008015de4                HAL_UART_ErrorCallback
 .text.HAL_UARTEx_RxEventCallback
                0x0000000008015df8       0x18 ./Drivers/STM32F4xx_HAL_Driver/Src/stm32f4xx_hal_uart.o
                0x0000000008015df8                HAL_UARTEx_RxEventCallback
 .text.UART_DMATransmitCplt
                0x0000000008015e10       0x9a ./Drivers/STM32F4xx_HAL_Driver/Src/stm32f4xx_hal_uart.o
 .text.UART_DMATxHalfCplt
                0x0000000008015eaa       0x1c ./Drivers/STM32F4xx_HAL_Driver/Src/stm32f4xx_hal_uart.o
 .text.UART_DMAReceiveCplt
                0x0000000008015ec6      0x126 ./Drivers/STM32F4xx_HAL_Driver/Src/stm32f4xx_hal_uart.o
 .text.UART_DMARxHalfCplt
                0x0000000008015fec       0x36 ./Drivers/STM32F4xx_HAL_Driver/Src/stm32f4xx_hal_uart.o
 .text.UART_DMAError
                0x0000000008016022       0x94 ./Drivers/STM32F4xx_HAL_Driver/Src/stm32f4xx_hal_uart.o
 .text.UART_WaitOnFlagUntilTimeout
                0x00000000080160b6       0xdc ./Drivers/STM32F4xx_HAL_Driver/Src/stm32f4xx_hal_uart.o
 *fill*         0x0000000008016192        0x2 
 .text.UART_Start_Receive_DMA
                0x0000000008016194      0x13c ./Drivers/STM32F4xx_HAL_Driver/Src/stm32f4xx_hal_uart.o
                0x0000000008016194                UART_Start_Receive_DMA
 .text.UART_EndTxTransfer
                0x00000000080162d0       0x50 ./Drivers/STM32F4xx_HAL_Driver/Src/stm32f4xx_hal_uart.o
 .text.UART_EndRxTransfer
                0x0000000008016320       0xc6 ./Drivers/STM32F4xx_HAL_Driver/Src/stm32f4xx_hal_uart.o
 .text.UART_DMAAbortOnError
                0x00000000080163e6       0x28 ./Drivers/STM32F4xx_HAL_Driver/Src/stm32f4xx_hal_uart.o
 .text.UART_Transmit_IT
                0x000000000801640e       0xa0 ./Drivers/STM32F4xx_HAL_Driver/Src/stm32f4xx_hal_uart.o
 .text.UART_EndTransmit_IT
                0x00000000080164ae       0x30 ./Drivers/STM32F4xx_HAL_Driver/Src/stm32f4xx_hal_uart.o
 .text.UART_Receive_IT
                0x00000000080164de      0x176 ./Drivers/STM32F4xx_HAL_Driver/Src/stm32f4xx_hal_uart.o
 .text.UART_SetConfig
                0x0000000008016654      0x390 ./Drivers/STM32F4xx_HAL_Driver/Src/stm32f4xx_hal_uart.o
 .text.makeFreeRtosPriority
                0x00000000080169e4       0x30 ./Middlewares/Third_Party/FreeRTOS/Source/CMSIS_RTOS/cmsis_os.o
 .text.inHandlerMode
                0x0000000008016a14       0x24 ./Middlewares/Third_Party/FreeRTOS/Source/CMSIS_RTOS/cmsis_os.o
 .text.osKernelStart
                0x0000000008016a38        0xe ./Middlewares/Third_Party/FreeRTOS/Source/CMSIS_RTOS/cmsis_os.o
                0x0000000008016a38                osKernelStart
 .text.osThreadCreate
                0x0000000008016a46       0x98 ./Middlewares/Third_Party/FreeRTOS/Source/CMSIS_RTOS/cmsis_os.o
                0x0000000008016a46                osThreadCreate
 .text.osDelay  0x0000000008016ade       0x28 ./Middlewares/Third_Party/FreeRTOS/Source/CMSIS_RTOS/cmsis_os.o
                0x0000000008016ade                osDelay
 *fill*         0x0000000008016b06        0x2 
 .text.osTimerCreate
                0x0000000008016b08       0x68 ./Middlewares/Third_Party/FreeRTOS/Source/CMSIS_RTOS/cmsis_os.o
                0x0000000008016b08                osTimerCreate
 .text.osTimerStart
                0x0000000008016b70       0x88 ./Middlewares/Third_Party/FreeRTOS/Source/CMSIS_RTOS/cmsis_os.o
                0x0000000008016b70                osTimerStart
 .text.osTimerStop
                0x0000000008016bf8       0x78 ./Middlewares/Third_Party/FreeRTOS/Source/CMSIS_RTOS/cmsis_os.o
                0x0000000008016bf8                osTimerStop
 .text.osMutexCreate
                0x0000000008016c70       0x30 ./Middlewares/Third_Party/FreeRTOS/Source/CMSIS_RTOS/cmsis_os.o
                0x0000000008016c70                osMutexCreate
 .text.osMutexWait
                0x0000000008016ca0       0x9c ./Middlewares/Third_Party/FreeRTOS/Source/CMSIS_RTOS/cmsis_os.o
                0x0000000008016ca0                osMutexWait
 .text.osMutexRelease
                0x0000000008016d3c       0x6c ./Middlewares/Third_Party/FreeRTOS/Source/CMSIS_RTOS/cmsis_os.o
                0x0000000008016d3c                osMutexRelease
 .text.osSemaphoreCreate
                0x0000000008016da8       0x7e ./Middlewares/Third_Party/FreeRTOS/Source/CMSIS_RTOS/cmsis_os.o
                0x0000000008016da8                osSemaphoreCreate
 *fill*         0x0000000008016e26        0x2 
 .text.osSemaphoreWait
                0x0000000008016e28       0x9c ./Middlewares/Third_Party/FreeRTOS/Source/CMSIS_RTOS/cmsis_os.o
                0x0000000008016e28                osSemaphoreWait
 .text.osSemaphoreRelease
                0x0000000008016ec4       0x6c ./Middlewares/Third_Party/FreeRTOS/Source/CMSIS_RTOS/cmsis_os.o
                0x0000000008016ec4                osSemaphoreRelease
 .text.osMessageCreate
                0x0000000008016f30       0x50 ./Middlewares/Third_Party/FreeRTOS/Source/CMSIS_RTOS/cmsis_os.o
                0x0000000008016f30                osMessageCreate
 .text.osMessagePut
                0x0000000008016f80       0x80 ./Middlewares/Third_Party/FreeRTOS/Source/CMSIS_RTOS/cmsis_os.o
                0x0000000008016f80                osMessagePut
 .text.osMessageGet
                0x0000000008017000       0xe8 ./Middlewares/Third_Party/FreeRTOS/Source/CMSIS_RTOS/cmsis_os.o
                0x0000000008017000                osMessageGet
 .text.osThreadSuspend
                0x00000000080170e8       0x18 ./Middlewares/Third_Party/FreeRTOS/Source/CMSIS_RTOS/cmsis_os.o
                0x00000000080170e8                osThreadSuspend
 .text.osThreadResume
                0x0000000008017100       0x44 ./Middlewares/Third_Party/FreeRTOS/Source/CMSIS_RTOS/cmsis_os.o
                0x0000000008017100                osThreadResume
 .text.vListInitialise
                0x0000000008017144       0x40 ./Middlewares/Third_Party/FreeRTOS/Source/list.o
                0x0000000008017144                vListInitialise
 .text.vListInitialiseItem
                0x0000000008017184       0x1a ./Middlewares/Third_Party/FreeRTOS/Source/list.o
                0x0000000008017184                vListInitialiseItem
 .text.vListInsertEnd
                0x000000000801719e       0x48 ./Middlewares/Third_Party/FreeRTOS/Source/list.o
                0x000000000801719e                vListInsertEnd
 .text.vListInsert
                0x00000000080171e6       0x72 ./Middlewares/Third_Party/FreeRTOS/Source/list.o
                0x00000000080171e6                vListInsert
 .text.uxListRemove
                0x0000000008017258       0x54 ./Middlewares/Third_Party/FreeRTOS/Source/list.o
                0x0000000008017258                uxListRemove
 .text.xQueueGenericReset
                0x00000000080172ac       0xd0 ./Middlewares/Third_Party/FreeRTOS/Source/queue.o
                0x00000000080172ac                xQueueGenericReset
 .text.xQueueGenericCreateStatic
                0x000000000801737c       0xf0 ./Middlewares/Third_Party/FreeRTOS/Source/queue.o
                0x000000000801737c                xQueueGenericCreateStatic
 .text.xQueueGenericCreate
                0x000000000801746c       0x74 ./Middlewares/Third_Party/FreeRTOS/Source/queue.o
                0x000000000801746c                xQueueGenericCreate
 .text.prvInitialiseNewQueue
                0x00000000080174e0       0x3e ./Middlewares/Third_Party/FreeRTOS/Source/queue.o
 .text.prvInitialiseMutex
                0x000000000801751e       0x34 ./Middlewares/Third_Party/FreeRTOS/Source/queue.o
 .text.xQueueCreateMutex
                0x0000000008017552       0x30 ./Middlewares/Third_Party/FreeRTOS/Source/queue.o
                0x0000000008017552                xQueueCreateMutex
 .text.xQueueCreateMutexStatic
                0x0000000008017582       0x36 ./Middlewares/Third_Party/FreeRTOS/Source/queue.o
                0x0000000008017582                xQueueCreateMutexStatic
 .text.xQueueCreateCountingSemaphoreStatic
                0x00000000080175b8       0x6e ./Middlewares/Third_Party/FreeRTOS/Source/queue.o
                0x00000000080175b8                xQueueCreateCountingSemaphoreStatic
 .text.xQueueCreateCountingSemaphore
                0x0000000008017626       0x66 ./Middlewares/Third_Party/FreeRTOS/Source/queue.o
                0x0000000008017626                xQueueCreateCountingSemaphore
 .text.xQueueGenericSend
                0x000000000801768c      0x1fc ./Middlewares/Third_Party/FreeRTOS/Source/queue.o
                0x000000000801768c                xQueueGenericSend
 .text.xQueueGenericSendFromISR
                0x0000000008017888      0x136 ./Middlewares/Third_Party/FreeRTOS/Source/queue.o
                0x0000000008017888                xQueueGenericSendFromISR
 .text.xQueueGiveFromISR
                0x00000000080179be      0x11a ./Middlewares/Third_Party/FreeRTOS/Source/queue.o
                0x00000000080179be                xQueueGiveFromISR
 .text.xQueueReceive
                0x0000000008017ad8      0x1c0 ./Middlewares/Third_Party/FreeRTOS/Source/queue.o
                0x0000000008017ad8                xQueueReceive
 .text.xQueueSemaphoreTake
                0x0000000008017c98      0x218 ./Middlewares/Third_Party/FreeRTOS/Source/queue.o
                0x0000000008017c98                xQueueSemaphoreTake
 .text.xQueueReceiveFromISR
                0x0000000008017eb0      0x100 ./Middlewares/Third_Party/FreeRTOS/Source/queue.o
                0x0000000008017eb0                xQueueReceiveFromISR
 .text.prvGetDisinheritPriorityAfterTimeout
                0x0000000008017fb0       0x30 ./Middlewares/Third_Party/FreeRTOS/Source/queue.o
 .text.prvCopyDataToQueue
                0x0000000008017fe0       0xd4 ./Middlewares/Third_Party/FreeRTOS/Source/queue.o
 .text.prvCopyDataFromQueue
                0x00000000080180b4       0x4c ./Middlewares/Third_Party/FreeRTOS/Source/queue.o
 .text.prvUnlockQueue
                0x0000000008018100       0xa4 ./Middlewares/Third_Party/FreeRTOS/Source/queue.o
 .text.prvIsQueueEmpty
                0x00000000080181a4       0x2c ./Middlewares/Third_Party/FreeRTOS/Source/queue.o
 .text.prvIsQueueFull
                0x00000000080181d0       0x30 ./Middlewares/Third_Party/FreeRTOS/Source/queue.o
 .text.vQueueAddToRegistry
                0x0000000008018200       0x54 ./Middlewares/Third_Party/FreeRTOS/Source/queue.o
                0x0000000008018200                vQueueAddToRegistry
 .text.vQueueWaitForMessageRestricted
                0x0000000008018254       0x68 ./Middlewares/Third_Party/FreeRTOS/Source/queue.o
                0x0000000008018254                vQueueWaitForMessageRestricted
 .text.xTaskCreateStatic
                0x00000000080182bc       0xba ./Middlewares/Third_Party/FreeRTOS/Source/tasks.o
                0x00000000080182bc                xTaskCreateStatic
 .text.xTaskCreate
                0x0000000008018376       0x8a ./Middlewares/Third_Party/FreeRTOS/Source/tasks.o
                0x0000000008018376                xTaskCreate
 .text.prvInitialiseNewTask
                0x0000000008018400      0x13c ./Middlewares/Third_Party/FreeRTOS/Source/tasks.o
 .text.prvAddNewTaskToReadyList
                0x000000000801853c       0xd4 ./Middlewares/Third_Party/FreeRTOS/Source/tasks.o
 .text.vTaskDelay
                0x0000000008018610       0x68 ./Middlewares/Third_Party/FreeRTOS/Source/tasks.o
                0x0000000008018610                vTaskDelay
 .text.vTaskSuspend
                0x0000000008018678      0x124 ./Middlewares/Third_Party/FreeRTOS/Source/tasks.o
                0x0000000008018678                vTaskSuspend
 .text.prvTaskIsTaskSuspended
                0x000000000801879c       0x64 ./Middlewares/Third_Party/FreeRTOS/Source/tasks.o
 .text.vTaskResume
                0x0000000008018800       0xbc ./Middlewares/Third_Party/FreeRTOS/Source/tasks.o
                0x0000000008018800                vTaskResume
 .text.xTaskResumeFromISR
                0x00000000080188bc       0xe4 ./Middlewares/Third_Party/FreeRTOS/Source/tasks.o
                0x00000000080188bc                xTaskResumeFromISR
 .text.vTaskStartScheduler
                0x00000000080189a0       0xe0 ./Middlewares/Third_Party/FreeRTOS/Source/tasks.o
                0x00000000080189a0                vTaskStartScheduler
 .text.vTaskSuspendAll
                0x0000000008018a80       0x1c ./Middlewares/Third_Party/FreeRTOS/Source/tasks.o
                0x0000000008018a80                vTaskSuspendAll
 .text.xTaskResumeAll
                0x0000000008018a9c      0x138 ./Middlewares/Third_Party/FreeRTOS/Source/tasks.o
                0x0000000008018a9c                xTaskResumeAll
 .text.xTaskGetTickCount
                0x0000000008018bd4       0x20 ./Middlewares/Third_Party/FreeRTOS/Source/tasks.o
                0x0000000008018bd4                xTaskGetTickCount
 .text.xTaskIncrementTick
                0x0000000008018bf4      0x170 ./Middlewares/Third_Party/FreeRTOS/Source/tasks.o
                0x0000000008018bf4                xTaskIncrementTick
 .text.vTaskSwitchContext
                0x0000000008018d64       0xc4 ./Middlewares/Third_Party/FreeRTOS/Source/tasks.o
                0x0000000008018d64                vTaskSwitchContext
 .text.vTaskPlaceOnEventList
                0x0000000008018e28       0x48 ./Middlewares/Third_Party/FreeRTOS/Source/tasks.o
                0x0000000008018e28                vTaskPlaceOnEventList
 .text.vTaskPlaceOnEventListRestricted
                0x0000000008018e70       0x58 ./Middlewares/Third_Party/FreeRTOS/Source/tasks.o
                0x0000000008018e70                vTaskPlaceOnEventListRestricted
 .text.xTaskRemoveFromEventList
                0x0000000008018ec8       0xc4 ./Middlewares/Third_Party/FreeRTOS/Source/tasks.o
                0x0000000008018ec8                xTaskRemoveFromEventList
 .text.vTaskInternalSetTimeOutState
                0x0000000008018f8c       0x2c ./Middlewares/Third_Party/FreeRTOS/Source/tasks.o
                0x0000000008018f8c                vTaskInternalSetTimeOutState
 .text.xTaskCheckForTimeOut
                0x0000000008018fb8       0xc4 ./Middlewares/Third_Party/FreeRTOS/Source/tasks.o
                0x0000000008018fb8                xTaskCheckForTimeOut
 .text.vTaskMissedYield
                0x000000000801907c       0x18 ./Middlewares/Third_Party/FreeRTOS/Source/tasks.o
                0x000000000801907c                vTaskMissedYield
 .text.prvIdleTask
                0x0000000008019094       0x30 ./Middlewares/Third_Party/FreeRTOS/Source/tasks.o
 .text.prvInitialiseTaskLists
                0x00000000080190c4       0x80 ./Middlewares/Third_Party/FreeRTOS/Source/tasks.o
 .text.prvCheckTasksWaitingTermination
                0x0000000008019144       0x5c ./Middlewares/Third_Party/FreeRTOS/Source/tasks.o
 .text.prvDeleteTCB
                0x00000000080191a0       0x68 ./Middlewares/Third_Party/FreeRTOS/Source/tasks.o
 .text.prvResetNextTaskUnblockTime
                0x0000000008019208       0x40 ./Middlewares/Third_Party/FreeRTOS/Source/tasks.o
 .text.xTaskGetSchedulerState
                0x0000000008019248       0x3c ./Middlewares/Third_Party/FreeRTOS/Source/tasks.o
                0x0000000008019248                xTaskGetSchedulerState
 .text.xTaskPriorityInherit
                0x0000000008019284       0xec ./Middlewares/Third_Party/FreeRTOS/Source/tasks.o
                0x0000000008019284                xTaskPriorityInherit
 .text.xTaskPriorityDisinherit
                0x0000000008019370      0x10c ./Middlewares/Third_Party/FreeRTOS/Source/tasks.o
                0x0000000008019370                xTaskPriorityDisinherit
 .text.vTaskPriorityDisinheritAfterTimeout
                0x000000000801947c      0x11c ./Middlewares/Third_Party/FreeRTOS/Source/tasks.o
                0x000000000801947c                vTaskPriorityDisinheritAfterTimeout
 .text.pvTaskIncrementMutexHeldCount
                0x0000000008019598       0x28 ./Middlewares/Third_Party/FreeRTOS/Source/tasks.o
                0x0000000008019598                pvTaskIncrementMutexHeldCount
 .text.prvAddCurrentTaskToDelayedList
                0x00000000080195c0       0xcc ./Middlewares/Third_Party/FreeRTOS/Source/tasks.o
 .text.xTimerCreateTimerTask
                0x000000000801968c       0x90 ./Middlewares/Third_Party/FreeRTOS/Source/timers.o
                0x000000000801968c                xTimerCreateTimerTask
 .text.xTimerCreate
                0x000000000801971c       0x42 ./Middlewares/Third_Party/FreeRTOS/Source/timers.o
                0x000000000801971c                xTimerCreate
 .text.xTimerCreateStatic
                0x000000000801975e       0x7c ./Middlewares/Third_Party/FreeRTOS/Source/timers.o
                0x000000000801975e                xTimerCreateStatic
 .text.prvInitialiseNewTimer
                0x00000000080197da       0x76 ./Middlewares/Third_Party/FreeRTOS/Source/timers.o
 .text.xTimerGenericCommand
                0x0000000008019850       0x9c ./Middlewares/Third_Party/FreeRTOS/Source/timers.o
                0x0000000008019850                xTimerGenericCommand
 .text.prvProcessExpiredTimer
                0x00000000080198ec       0x98 ./Middlewares/Third_Party/FreeRTOS/Source/timers.o
 .text.prvTimerTask
                0x0000000008019984       0x24 ./Middlewares/Third_Party/FreeRTOS/Source/timers.o
 .text.prvProcessTimerOrBlockTask
                0x00000000080199a8       0x9c ./Middlewares/Third_Party/FreeRTOS/Source/timers.o
 .text.prvGetNextExpireTime
                0x0000000008019a44       0x48 ./Middlewares/Third_Party/FreeRTOS/Source/timers.o
 .text.prvSampleTimeNow
                0x0000000008019a8c       0x40 ./Middlewares/Third_Party/FreeRTOS/Source/timers.o
 .text.prvInsertTimerInActiveList
                0x0000000008019acc       0x84 ./Middlewares/Third_Party/FreeRTOS/Source/timers.o
 .text.prvProcessReceivedCommands
                0x0000000008019b50      0x18c ./Middlewares/Third_Party/FreeRTOS/Source/timers.o
 .text.prvSwitchTimerLists
                0x0000000008019cdc       0xc8 ./Middlewares/Third_Party/FreeRTOS/Source/timers.o
 .text.prvCheckForValidListAndQueue
                0x0000000008019da4       0x80 ./Middlewares/Third_Party/FreeRTOS/Source/timers.o
 .text.pxPortInitialiseStack
                0x0000000008019e24       0x68 ./Middlewares/Third_Party/FreeRTOS/Source/portable/GCC/ARM_CM4F/port.o
                0x0000000008019e24                pxPortInitialiseStack
 .text.prvTaskExitError
                0x0000000008019e8c       0x58 ./Middlewares/Third_Party/FreeRTOS/Source/portable/GCC/ARM_CM4F/port.o
 *fill*         0x0000000008019ee4        0xc 
 .text.SVC_Handler
                0x0000000008019ef0       0x28 ./Middlewares/Third_Party/FreeRTOS/Source/portable/GCC/ARM_CM4F/port.o
                0x0000000008019ef0                SVC_Handler
 .text.prvPortStartFirstTask
                0x0000000008019f18       0x28 ./Middlewares/Third_Party/FreeRTOS/Source/portable/GCC/ARM_CM4F/port.o
 .text.xPortStartScheduler
                0x0000000008019f40      0x144 ./Middlewares/Third_Party/FreeRTOS/Source/portable/GCC/ARM_CM4F/port.o
                0x0000000008019f40                xPortStartScheduler
 .text.vPortEnterCritical
                0x000000000801a084       0x60 ./Middlewares/Third_Party/FreeRTOS/Source/portable/GCC/ARM_CM4F/port.o
                0x000000000801a084                vPortEnterCritical
 .text.vPortExitCritical
                0x000000000801a0e4       0x54 ./Middlewares/Third_Party/FreeRTOS/Source/portable/GCC/ARM_CM4F/port.o
                0x000000000801a0e4                vPortExitCritical
 *fill*         0x000000000801a138        0x8 
 .text.PendSV_Handler
                0x000000000801a140       0x68 ./Middlewares/Third_Party/FreeRTOS/Source/portable/GCC/ARM_CM4F/port.o
                0x000000000801a140                PendSV_Handler
 .text.SysTick_Handler
                0x000000000801a1a8       0x44 ./Middlewares/Third_Party/FreeRTOS/Source/portable/GCC/ARM_CM4F/port.o
                0x000000000801a1a8                SysTick_Handler
 .text.vPortSetupTimerInterrupt
                0x000000000801a1ec       0x48 ./Middlewares/Third_Party/FreeRTOS/Source/portable/GCC/ARM_CM4F/port.o
                0x000000000801a1ec                vPortSetupTimerInterrupt
 .text.vPortEnableVFP
                0x000000000801a234       0x14 ./Middlewares/Third_Party/FreeRTOS/Source/portable/GCC/ARM_CM4F/port.o
 .text.vPortValidateInterruptPriority
                0x000000000801a248       0x80 ./Middlewares/Third_Party/FreeRTOS/Source/portable/GCC/ARM_CM4F/port.o
                0x000000000801a248                vPortValidateInterruptPriority
 .text.pvPortMalloc
                0x000000000801a2c8      0x198 ./Middlewares/Third_Party/FreeRTOS/Source/portable/MemMang/heap_4.o
                0x000000000801a2c8                pvPortMalloc
 .text.vPortFree
                0x000000000801a460       0xc4 ./Middlewares/Third_Party/FreeRTOS/Source/portable/MemMang/heap_4.o
                0x000000000801a460                vPortFree
 .text.prvHeapInit
                0x000000000801a524       0xc4 ./Middlewares/Third_Party/FreeRTOS/Source/portable/MemMang/heap_4.o
 .text.prvInsertBlockIntoFreeList
                0x000000000801a5e8       0xb4 ./Middlewares/Third_Party/FreeRTOS/Source/portable/MemMang/heap_4.o
 .text.ThreadArmingTask
                0x000000000801a69c      0x598 ./User/ArmingTask.o
                0x000000000801a69c                ThreadArmingTask
 .text.ThreadCallRingCenterTask
                0x000000000801ac34       0x50 ./User/CallRingCenteerTask.o
                0x000000000801ac34                ThreadCallRingCenterTask
 .text.ThreadEventWriteTask
                0x000000000801ac84      0x468 ./User/EventWriteTask.o
                0x000000000801ac84                ThreadEventWriteTask
 .text.ThreadIbuttonTask
                0x000000000801b0ec      0x37c ./User/IbuttonTask.o
                0x000000000801b0ec                ThreadIbuttonTask
 .text.ThreadLedTask
                0x000000000801b468      0x10c ./User/LedTask .o
                0x000000000801b468                ThreadLedTask
 .text.ThreadM95Task
                0x000000000801b574      0x474 ./User/M95Task.o
                0x000000000801b574                ThreadM95Task
 .text.__NVIC_SystemReset
                0x000000000801b9e8       0x2c ./User/MainTask.o
 .text.ThreadMainTask
                0x000000000801ba14      0x8d0 ./User/MainTask.o
                0x000000000801ba14                ThreadMainTask
 .text.ThreadMeterTask
                0x000000000801c2e4      0x17c ./User/MeterTask.o
                0x000000000801c2e4                ThreadMeterTask
 .text.ThreadModbusPacketTask
                0x000000000801c460      0x484 ./User/ModbusPacketTask.o
                0x000000000801c460                ThreadModbusPacketTask
 .text.ThreadModbusTask
                0x000000000801c8e4      0x4a0 ./User/ModbusTask.o
                0x000000000801c8e4                ThreadModbusTask
 .text.ThreadReadRegistersTask
                0x000000000801cd84       0xa4 ./User/ReadRegistersTask.o
                0x000000000801cd84                ThreadReadRegistersTask
 .text.ThreadSecurityTask
                0x000000000801ce28     0x1aac ./User/SecurityTask.o
                0x000000000801ce28                ThreadSecurityTask
 .text.meter_rx_buffer_clear
                0x000000000801e8d4       0x34 ./User/ce303.o
                0x000000000801e8d4                meter_rx_buffer_clear
 .text.ce303_voltage
                0x000000000801e908     0x1498 ./User/ce303.o
                0x000000000801e908                ce303_voltage
 .text.ce303_current
                0x000000000801fda0     0x1494 ./User/ce303.o
                0x000000000801fda0                ce303_current
 .text.ce303_power
                0x0000000008021234     0x1498 ./User/ce303.o
                0x0000000008021234                ce303_power
 .text.ce303_tarif
                0x00000000080226cc     0x2d04 ./User/ce303.o
                0x00000000080226cc                ce303_tarif
 .text.fm25v02_read
                0x00000000080253d0       0x74 ./User/fm25v02.o
                0x00000000080253d0                fm25v02_read
 .text.fm25v02_write
                0x0000000008025444       0x98 ./User/fm25v02.o
                0x0000000008025444                fm25v02_write
 .text.fm25v02_fast_write
                0x00000000080254dc       0x48 ./User/fm25v02.o
                0x00000000080254dc                fm25v02_fast_write
 .text.fm25v02_fast_read
                0x0000000008025524       0x7c ./User/fm25v02.o
                0x0000000008025524                fm25v02_fast_read
 .text.BUZ_ON   0x00000000080255a0       0x18 ./User/gpio.o
                0x00000000080255a0                BUZ_ON
 .text.BUZ_OFF  0x00000000080255b8       0x18 ./User/gpio.o
                0x00000000080255b8                BUZ_OFF
 .text.LED_OUT_ON
                0x00000000080255d0       0x18 ./User/gpio.o
                0x00000000080255d0                LED_OUT_ON
 .text.LED_OUT_OFF
                0x00000000080255e8       0x18 ./User/gpio.o
                0x00000000080255e8                LED_OUT_OFF
 .text.LED_OUT_TOGGLE
                0x0000000008025600       0x18 ./User/gpio.o
                0x0000000008025600                LED_OUT_TOGGLE
 .text.LED_VD3_TOGGLE
                0x0000000008025618       0x18 ./User/gpio.o
                0x0000000008025618                LED_VD3_TOGGLE
 .text.LED1_OFF
                0x0000000008025630       0x18 ./User/gpio.o
                0x0000000008025630                LED1_OFF
 .text.LED1_ON  0x0000000008025648       0x18 ./User/gpio.o
                0x0000000008025648                LED1_ON
 .text.LED2_OFF
                0x0000000008025660       0x18 ./User/gpio.o
                0x0000000008025660                LED2_OFF
 .text.LED2_ON  0x0000000008025678       0x18 ./User/gpio.o
                0x0000000008025678                LED2_ON
 .text.LED2_TOGGLE
                0x0000000008025690       0x14 ./User/gpio.o
                0x0000000008025690                LED2_TOGGLE
 .text.calc_crc
                0x00000000080256a4       0x78 ./User/ibutton.o
                0x00000000080256a4                calc_crc
 .text.ibutton_reset
                0x000000000802571c       0x58 ./User/ibutton.o
                0x000000000802571c                ibutton_reset
 .text.ibutton_read_rom
                0x0000000008025774      0x354 ./User/ibutton.o
                0x0000000008025774                ibutton_read_rom
 .text.ibutton_search_rom
                0x0000000008025ac8       0xa4 ./User/ibutton.o
                0x0000000008025ac8                ibutton_search_rom
 .text.find_str
                0x0000000008025b6c       0x68 ./User/m95.o
                0x0000000008025b6c                find_str
 .text.m95_power_on
                0x0000000008025bd4       0x38 ./User/m95.o
                0x0000000008025bd4                m95_power_on
 .text.m95_power_off
                0x0000000008025c0c       0x38 ./User/m95.o
                0x0000000008025c0c                m95_power_off
 .text.modem_rx_buffer_clear
                0x0000000008025c44       0x34 ./User/m95.o
                0x0000000008025c44                modem_rx_buffer_clear
 .text.ATE0     0x0000000008025c78       0xac ./User/m95.o
                0x0000000008025c78                ATE0
 .text.AT       0x0000000008025d24       0xac ./User/m95.o
                0x0000000008025d24                AT
 .text.AT_CSQ   0x0000000008025dd0       0xfc ./User/m95.o
                0x0000000008025dd0                AT_CSQ
 .text.AT_QCCID
                0x0000000008025ecc      0x714 ./User/m95.o
                0x0000000008025ecc                AT_QCCID
 .text.AT_COPS  0x00000000080265e0       0xb8 ./User/m95.o
                0x00000000080265e0                AT_COPS
 .text.AT_QIOPEN
                0x0000000008026698      0x19c ./User/m95.o
                0x0000000008026698                AT_QIOPEN
 .text.AT_QISEND
                0x0000000008026834      0x128 ./User/m95.o
                0x0000000008026834                AT_QISEND
 .text.AT_QIMUX
                0x000000000802695c       0xdc ./User/m95.o
                0x000000000802695c                AT_QIMUX
 .text.AT_QIREGAPP
                0x0000000008026a38       0xf8 ./User/m95.o
                0x0000000008026a38                AT_QIREGAPP
 .text.AT_QIACT
                0x0000000008026b30       0xd4 ./User/m95.o
                0x0000000008026b30                AT_QIACT
 .text.AT_QIDEACT
                0x0000000008026c04       0xd4 ./User/m95.o
                0x0000000008026c04                AT_QIDEACT
 .text.AT_QISTATE
                0x0000000008026cd8      0x250 ./User/m95.o
                0x0000000008026cd8                AT_QISTATE
 .text.request_to_server
                0x0000000008026f28       0x38 ./User/m95.o
                0x0000000008026f28                request_to_server
 .text.read_status_registers
                0x0000000008026f60     0x10d0 ./User/modbus.o
                0x0000000008026f60                read_status_registers
 .text.read_control_registers
                0x0000000008028030      0x8d0 ./User/modbus.o
                0x0000000008028030                read_control_registers
 .text.read_bootloader_registers
                0x0000000008028900      0x6a8 ./User/modbus.o
                0x0000000008028900                read_bootloader_registers
 .text.CRC16    0x0000000008028fa8       0x64 ./User/modbus.o
                0x0000000008028fa8                CRC16
 .text.__errno  0x000000000802900c        0xc c:/st/stm32cubeide_1.8.0/stm32cubeide/plugins/com.st.stm32cube.ide.mcu.externaltools.gnu-tools-for-stm32.9-2020-q2-update.win32_2.0.0.202105311346/tools/bin/../lib/gcc/arm-none-eabi/9.3.1/../../../../arm-none-eabi/lib/thumb/v7e-m+fp/hard\libc_nano.a(lib_a-errno.o)
                0x000000000802900c                __errno
 .text.std      0x0000000008029018       0x48 c:/st/stm32cubeide_1.8.0/stm32cubeide/plugins/com.st.stm32cube.ide.mcu.externaltools.gnu-tools-for-stm32.9-2020-q2-update.win32_2.0.0.202105311346/tools/bin/../lib/gcc/arm-none-eabi/9.3.1/../../../../arm-none-eabi/lib/thumb/v7e-m+fp/hard\libc_nano.a(lib_a-findfp.o)
 .text._cleanup_r
                0x0000000008029060        0xc c:/st/stm32cubeide_1.8.0/stm32cubeide/plugins/com.st.stm32cube.ide.mcu.externaltools.gnu-tools-for-stm32.9-2020-q2-update.win32_2.0.0.202105311346/tools/bin/../lib/gcc/arm-none-eabi/9.3.1/../../../../arm-none-eabi/lib/thumb/v7e-m+fp/hard\libc_nano.a(lib_a-findfp.o)
                0x0000000008029060                _cleanup_r
 .text.__sfmoreglue
                0x000000000802906c       0x2c c:/st/stm32cubeide_1.8.0/stm32cubeide/plugins/com.st.stm32cube.ide.mcu.externaltools.gnu-tools-for-stm32.9-2020-q2-update.win32_2.0.0.202105311346/tools/bin/../lib/gcc/arm-none-eabi/9.3.1/../../../../arm-none-eabi/lib/thumb/v7e-m+fp/hard\libc_nano.a(lib_a-findfp.o)
                0x000000000802906c                __sfmoreglue
 .text.__sfp_lock_acquire
                0x0000000008029098        0xc c:/st/stm32cubeide_1.8.0/stm32cubeide/plugins/com.st.stm32cube.ide.mcu.externaltools.gnu-tools-for-stm32.9-2020-q2-update.win32_2.0.0.202105311346/tools/bin/../lib/gcc/arm-none-eabi/9.3.1/../../../../arm-none-eabi/lib/thumb/v7e-m+fp/hard\libc_nano.a(lib_a-findfp.o)
                0x0000000008029098                __sfp_lock_acquire
 .text.__sfp_lock_release
                0x00000000080290a4        0xc c:/st/stm32cubeide_1.8.0/stm32cubeide/plugins/com.st.stm32cube.ide.mcu.externaltools.gnu-tools-for-stm32.9-2020-q2-update.win32_2.0.0.202105311346/tools/bin/../lib/gcc/arm-none-eabi/9.3.1/../../../../arm-none-eabi/lib/thumb/v7e-m+fp/hard\libc_nano.a(lib_a-findfp.o)
                0x00000000080290a4                __sfp_lock_release
 .text.__sinit_lock_acquire
                0x00000000080290b0        0xc c:/st/stm32cubeide_1.8.0/stm32cubeide/plugins/com.st.stm32cube.ide.mcu.externaltools.gnu-tools-for-stm32.9-2020-q2-update.win32_2.0.0.202105311346/tools/bin/../lib/gcc/arm-none-eabi/9.3.1/../../../../arm-none-eabi/lib/thumb/v7e-m+fp/hard\libc_nano.a(lib_a-findfp.o)
                0x00000000080290b0                __sinit_lock_acquire
 .text.__sinit_lock_release
                0x00000000080290bc        0xc c:/st/stm32cubeide_1.8.0/stm32cubeide/plugins/com.st.stm32cube.ide.mcu.externaltools.gnu-tools-for-stm32.9-2020-q2-update.win32_2.0.0.202105311346/tools/bin/../lib/gcc/arm-none-eabi/9.3.1/../../../../arm-none-eabi/lib/thumb/v7e-m+fp/hard\libc_nano.a(lib_a-findfp.o)
                0x00000000080290bc                __sinit_lock_release
 .text.__sinit  0x00000000080290c8       0x70 c:/st/stm32cubeide_1.8.0/stm32cubeide/plugins/com.st.stm32cube.ide.mcu.externaltools.gnu-tools-for-stm32.9-2020-q2-update.win32_2.0.0.202105311346/tools/bin/../lib/gcc/arm-none-eabi/9.3.1/../../../../arm-none-eabi/lib/thumb/v7e-m+fp/hard\libc_nano.a(lib_a-findfp.o)
                0x00000000080290c8                __sinit
 .text.__sfp    0x0000000008029138       0x8c c:/st/stm32cubeide_1.8.0/stm32cubeide/plugins/com.st.stm32cube.ide.mcu.externaltools.gnu-tools-for-stm32.9-2020-q2-update.win32_2.0.0.202105311346/tools/bin/../lib/gcc/arm-none-eabi/9.3.1/../../../../arm-none-eabi/lib/thumb/v7e-m+fp/hard\libc_nano.a(lib_a-findfp.o)
                0x0000000008029138                __sfp
 .text._fwalk_reent
                0x00000000080291c4       0x3e c:/st/stm32cubeide_1.8.0/stm32cubeide/plugins/com.st.stm32cube.ide.mcu.externaltools.gnu-tools-for-stm32.9-2020-q2-update.win32_2.0.0.202105311346/tools/bin/../lib/gcc/arm-none-eabi/9.3.1/../../../../arm-none-eabi/lib/thumb/v7e-m+fp/hard\libc_nano.a(lib_a-fwalk.o)
                0x00000000080291c4                _fwalk_reent
 *fill*         0x0000000008029202        0x2 
 .text.__libc_init_array
                0x0000000008029204       0x48 c:/st/stm32cubeide_1.8.0/stm32cubeide/plugins/com.st.stm32cube.ide.mcu.externaltools.gnu-tools-for-stm32.9-2020-q2-update.win32_2.0.0.202105311346/tools/bin/../lib/gcc/arm-none-eabi/9.3.1/../../../../arm-none-eabi/lib/thumb/v7e-m+fp/hard\libc_nano.a(lib_a-init.o)
                0x0000000008029204                __libc_init_array
 .text.__retarget_lock_init_recursive
                0x000000000802924c        0x2 c:/st/stm32cubeide_1.8.0/stm32cubeide/plugins/com.st.stm32cube.ide.mcu.externaltools.gnu-tools-for-stm32.9-2020-q2-update.win32_2.0.0.202105311346/tools/bin/../lib/gcc/arm-none-eabi/9.3.1/../../../../arm-none-eabi/lib/thumb/v7e-m+fp/hard\libc_nano.a(lib_a-lock.o)
                0x000000000802924c                __retarget_lock_init_recursive
 .text.__retarget_lock_acquire_recursive
                0x000000000802924e        0x2 c:/st/stm32cubeide_1.8.0/stm32cubeide/plugins/com.st.stm32cube.ide.mcu.externaltools.gnu-tools-for-stm32.9-2020-q2-update.win32_2.0.0.202105311346/tools/bin/../lib/gcc/arm-none-eabi/9.3.1/../../../../arm-none-eabi/lib/thumb/v7e-m+fp/hard\libc_nano.a(lib_a-lock.o)
                0x000000000802924e                __retarget_lock_acquire_recursive
 .text.__retarget_lock_release_recursive
                0x0000000008029250        0x2 c:/st/stm32cubeide_1.8.0/stm32cubeide/plugins/com.st.stm32cube.ide.mcu.externaltools.gnu-tools-for-stm32.9-2020-q2-update.win32_2.0.0.202105311346/tools/bin/../lib/gcc/arm-none-eabi/9.3.1/../../../../arm-none-eabi/lib/thumb/v7e-m+fp/hard\libc_nano.a(lib_a-lock.o)
                0x0000000008029250                __retarget_lock_release_recursive
 .text.memcpy   0x0000000008029252       0x1c c:/st/stm32cubeide_1.8.0/stm32cubeide/plugins/com.st.stm32cube.ide.mcu.externaltools.gnu-tools-for-stm32.9-2020-q2-update.win32_2.0.0.202105311346/tools/bin/../lib/gcc/arm-none-eabi/9.3.1/../../../../arm-none-eabi/lib/thumb/v7e-m+fp/hard\libc_nano.a(lib_a-memcpy-stub.o)
                0x0000000008029252                memcpy
 .text.memset   0x000000000802926e       0x10 c:/st/stm32cubeide_1.8.0/stm32cubeide/plugins/com.st.stm32cube.ide.mcu.externaltools.gnu-tools-for-stm32.9-2020-q2-update.win32_2.0.0.202105311346/tools/bin/../lib/gcc/arm-none-eabi/9.3.1/../../../../arm-none-eabi/lib/thumb/v7e-m+fp/hard\libc_nano.a(lib_a-memset.o)
                0x000000000802926e                memset
 *fill*         0x000000000802927e        0x2 
 .text._malloc_r
                0x0000000008029280       0xb4 c:/st/stm32cubeide_1.8.0/stm32cubeide/plugins/com.st.stm32cube.ide.mcu.externaltools.gnu-tools-for-stm32.9-2020-q2-update.win32_2.0.0.202105311346/tools/bin/../lib/gcc/arm-none-eabi/9.3.1/../../../../arm-none-eabi/lib/thumb/v7e-m+fp/hard\libc_nano.a(lib_a-nano-mallocr.o)
                0x0000000008029280                _malloc_r
 .text._puts_r  0x0000000008029334       0xdc c:/st/stm32cubeide_1.8.0/stm32cubeide/plugins/com.st.stm32cube.ide.mcu.externaltools.gnu-tools-for-stm32.9-2020-q2-update.win32_2.0.0.202105311346/tools/bin/../lib/gcc/arm-none-eabi/9.3.1/../../../../arm-none-eabi/lib/thumb/v7e-m+fp/hard\libc_nano.a(lib_a-puts.o)
                0x0000000008029334                _puts_r
 .text.puts     0x0000000008029410       0x10 c:/st/stm32cubeide_1.8.0/stm32cubeide/plugins/com.st.stm32cube.ide.mcu.externaltools.gnu-tools-for-stm32.9-2020-q2-update.win32_2.0.0.202105311346/tools/bin/../lib/gcc/arm-none-eabi/9.3.1/../../../../arm-none-eabi/lib/thumb/v7e-m+fp/hard\libc_nano.a(lib_a-puts.o)
                0x0000000008029410                puts
 .text.cleanup_glue
                0x0000000008029420       0x1a c:/st/stm32cubeide_1.8.0/stm32cubeide/plugins/com.st.stm32cube.ide.mcu.externaltools.gnu-tools-for-stm32.9-2020-q2-update.win32_2.0.0.202105311346/tools/bin/../lib/gcc/arm-none-eabi/9.3.1/../../../../arm-none-eabi/lib/thumb/v7e-m+fp/hard\libc_nano.a(lib_a-reent.o)
                0x0000000008029420                cleanup_glue
 *fill*         0x000000000802943a        0x2 
 .text._reclaim_reent
                0x000000000802943c       0xb8 c:/st/stm32cubeide_1.8.0/stm32cubeide/plugins/com.st.stm32cube.ide.mcu.externaltools.gnu-tools-for-stm32.9-2020-q2-update.win32_2.0.0.202105311346/tools/bin/../lib/gcc/arm-none-eabi/9.3.1/../../../../arm-none-eabi/lib/thumb/v7e-m+fp/hard\libc_nano.a(lib_a-reent.o)
                0x000000000802943c                _reclaim_reent
 .text._sbrk_r  0x00000000080294f4       0x20 c:/st/stm32cubeide_1.8.0/stm32cubeide/plugins/com.st.stm32cube.ide.mcu.externaltools.gnu-tools-for-stm32.9-2020-q2-update.win32_2.0.0.202105311346/tools/bin/../lib/gcc/arm-none-eabi/9.3.1/../../../../arm-none-eabi/lib/thumb/v7e-m+fp/hard\libc_nano.a(lib_a-sbrkr.o)
                0x00000000080294f4                _sbrk_r
 .text.sprintf  0x0000000008029514       0x40 c:/st/stm32cubeide_1.8.0/stm32cubeide/plugins/com.st.stm32cube.ide.mcu.externaltools.gnu-tools-for-stm32.9-2020-q2-update.win32_2.0.0.202105311346/tools/bin/../lib/gcc/arm-none-eabi/9.3.1/../../../../arm-none-eabi/lib/thumb/v7e-m+fp/hard\libc_nano.a(lib_a-sprintf.o)
                0x0000000008029514                siprintf
                0x0000000008029514                sprintf
 .text.__sread  0x0000000008029554       0x22 c:/st/stm32cubeide_1.8.0/stm32cubeide/plugins/com.st.stm32cube.ide.mcu.externaltools.gnu-tools-for-stm32.9-2020-q2-update.win32_2.0.0.202105311346/tools/bin/../lib/gcc/arm-none-eabi/9.3.1/../../../../arm-none-eabi/lib/thumb/v7e-m+fp/hard\libc_nano.a(lib_a-stdio.o)
                0x0000000008029554                __sread
 .text.__swrite
                0x0000000008029576       0x38 c:/st/stm32cubeide_1.8.0/stm32cubeide/plugins/com.st.stm32cube.ide.mcu.externaltools.gnu-tools-for-stm32.9-2020-q2-update.win32_2.0.0.202105311346/tools/bin/../lib/gcc/arm-none-eabi/9.3.1/../../../../arm-none-eabi/lib/thumb/v7e-m+fp/hard\libc_nano.a(lib_a-stdio.o)
                0x0000000008029576                __swrite
 .text.__sseek  0x00000000080295ae       0x24 c:/st/stm32cubeide_1.8.0/stm32cubeide/plugins/com.st.stm32cube.ide.mcu.externaltools.gnu-tools-for-stm32.9-2020-q2-update.win32_2.0.0.202105311346/tools/bin/../lib/gcc/arm-none-eabi/9.3.1/../../../../arm-none-eabi/lib/thumb/v7e-m+fp/hard\libc_nano.a(lib_a-stdio.o)
                0x00000000080295ae                __sseek
 .text.__sclose
                0x00000000080295d2        0x8 c:/st/stm32cubeide_1.8.0/stm32cubeide/plugins/com.st.stm32cube.ide.mcu.externaltools.gnu-tools-for-stm32.9-2020-q2-update.win32_2.0.0.202105311346/tools/bin/../lib/gcc/arm-none-eabi/9.3.1/../../../../arm-none-eabi/lib/thumb/v7e-m+fp/hard\libc_nano.a(lib_a-stdio.o)
                0x00000000080295d2                __sclose
 .text.strstr   0x00000000080295da       0x2e c:/st/stm32cubeide_1.8.0/stm32cubeide/plugins/com.st.stm32cube.ide.mcu.externaltools.gnu-tools-for-stm32.9-2020-q2-update.win32_2.0.0.202105311346/tools/bin/../lib/gcc/arm-none-eabi/9.3.1/../../../../arm-none-eabi/lib/thumb/v7e-m+fp/hard\libc_nano.a(lib_a-strstr.o)
                0x00000000080295da                strstr
 .text.__swbuf_r
                0x0000000008029608       0xa4 c:/st/stm32cubeide_1.8.0/stm32cubeide/plugins/com.st.stm32cube.ide.mcu.externaltools.gnu-tools-for-stm32.9-2020-q2-update.win32_2.0.0.202105311346/tools/bin/../lib/gcc/arm-none-eabi/9.3.1/../../../../arm-none-eabi/lib/thumb/v7e-m+fp/hard\libc_nano.a(lib_a-wbuf.o)
                0x0000000008029608                __swbuf_r
 .text._write_r
                0x00000000080296ac       0x24 c:/st/stm32cubeide_1.8.0/stm32cubeide/plugins/com.st.stm32cube.ide.mcu.externaltools.gnu-tools-for-stm32.9-2020-q2-update.win32_2.0.0.202105311346/tools/bin/../lib/gcc/arm-none-eabi/9.3.1/../../../../arm-none-eabi/lib/thumb/v7e-m+fp/hard\libc_nano.a(lib_a-writer.o)
                0x00000000080296ac                _write_r
 .text.__swsetup_r
                0x00000000080296d0       0xdc c:/st/stm32cubeide_1.8.0/stm32cubeide/plugins/com.st.stm32cube.ide.mcu.externaltools.gnu-tools-for-stm32.9-2020-q2-update.win32_2.0.0.202105311346/tools/bin/../lib/gcc/arm-none-eabi/9.3.1/../../../../arm-none-eabi/lib/thumb/v7e-m+fp/hard\libc_nano.a(lib_a-wsetup.o)
                0x00000000080296d0                __swsetup_r
 .text._close_r
                0x00000000080297ac       0x20 c:/st/stm32cubeide_1.8.0/stm32cubeide/plugins/com.st.stm32cube.ide.mcu.externaltools.gnu-tools-for-stm32.9-2020-q2-update.win32_2.0.0.202105311346/tools/bin/../lib/gcc/arm-none-eabi/9.3.1/../../../../arm-none-eabi/lib/thumb/v7e-m+fp/hard\libc_nano.a(lib_a-closer.o)
                0x00000000080297ac                _close_r
 .text.__sflush_r
                0x00000000080297cc      0x10c c:/st/stm32cubeide_1.8.0/stm32cubeide/plugins/com.st.stm32cube.ide.mcu.externaltools.gnu-tools-for-stm32.9-2020-q2-update.win32_2.0.0.202105311346/tools/bin/../lib/gcc/arm-none-eabi/9.3.1/../../../../arm-none-eabi/lib/thumb/v7e-m+fp/hard\libc_nano.a(lib_a-fflush.o)
                0x00000000080297cc                __sflush_r
 .text._fflush_r
                0x00000000080298d8       0x78 c:/st/stm32cubeide_1.8.0/stm32cubeide/plugins/com.st.stm32cube.ide.mcu.externaltools.gnu-tools-for-stm32.9-2020-q2-update.win32_2.0.0.202105311346/tools/bin/../lib/gcc/arm-none-eabi/9.3.1/../../../../arm-none-eabi/lib/thumb/v7e-m+fp/hard\libc_nano.a(lib_a-fflush.o)
                0x00000000080298d8                _fflush_r
 .text._lseek_r
                0x0000000008029950       0x24 c:/st/stm32cubeide_1.8.0/stm32cubeide/plugins/com.st.stm32cube.ide.mcu.externaltools.gnu-tools-for-stm32.9-2020-q2-update.win32_2.0.0.202105311346/tools/bin/../lib/gcc/arm-none-eabi/9.3.1/../../../../arm-none-eabi/lib/thumb/v7e-m+fp/hard\libc_nano.a(lib_a-lseekr.o)
                0x0000000008029950                _lseek_r
 .text.__swhatbuf_r
                0x0000000008029974       0x48 c:/st/stm32cubeide_1.8.0/stm32cubeide/plugins/com.st.stm32cube.ide.mcu.externaltools.gnu-tools-for-stm32.9-2020-q2-update.win32_2.0.0.202105311346/tools/bin/../lib/gcc/arm-none-eabi/9.3.1/../../../../arm-none-eabi/lib/thumb/v7e-m+fp/hard\libc_nano.a(lib_a-makebuf.o)
                0x0000000008029974                __swhatbuf_r
 .text.__smakebuf_r
                0x00000000080299bc       0x80 c:/st/stm32cubeide_1.8.0/stm32cubeide/plugins/com.st.stm32cube.ide.mcu.externaltools.gnu-tools-for-stm32.9-2020-q2-update.win32_2.0.0.202105311346/tools/bin/../lib/gcc/arm-none-eabi/9.3.1/../../../../arm-none-eabi/lib/thumb/v7e-m+fp/hard\libc_nano.a(lib_a-makebuf.o)
                0x00000000080299bc                __smakebuf_r
 .text.__malloc_lock
                0x0000000008029a3c        0xc c:/st/stm32cubeide_1.8.0/stm32cubeide/plugins/com.st.stm32cube.ide.mcu.externaltools.gnu-tools-for-stm32.9-2020-q2-update.win32_2.0.0.202105311346/tools/bin/../lib/gcc/arm-none-eabi/9.3.1/../../../../arm-none-eabi/lib/thumb/v7e-m+fp/hard\libc_nano.a(lib_a-mlock.o)
                0x0000000008029a3c                __malloc_lock
 .text.__malloc_unlock
                0x0000000008029a48        0xc c:/st/stm32cubeide_1.8.0/stm32cubeide/plugins/com.st.stm32cube.ide.mcu.externaltools.gnu-tools-for-stm32.9-2020-q2-update.win32_2.0.0.202105311346/tools/bin/../lib/gcc/arm-none-eabi/9.3.1/../../../../arm-none-eabi/lib/thumb/v7e-m+fp/hard\libc_nano.a(lib_a-mlock.o)
                0x0000000008029a48                __malloc_unlock
 .text._free_r  0x0000000008029a54       0xa0 c:/st/stm32cubeide_1.8.0/stm32cubeide/plugins/com.st.stm32cube.ide.mcu.externaltools.gnu-tools-for-stm32.9-2020-q2-update.win32_2.0.0.202105311346/tools/bin/../lib/gcc/arm-none-eabi/9.3.1/../../../../arm-none-eabi/lib/thumb/v7e-m+fp/hard\libc_nano.a(lib_a-nano-freer.o)
                0x0000000008029a54                _free_r
 .text.__ssputs_r
                0x0000000008029af4       0xb6 c:/st/stm32cubeide_1.8.0/stm32cubeide/plugins/com.st.stm32cube.ide.mcu.externaltools.gnu-tools-for-stm32.9-2020-q2-update.win32_2.0.0.202105311346/tools/bin/../lib/gcc/arm-none-eabi/9.3.1/../../../../arm-none-eabi/lib/thumb/v7e-m+fp/hard\libc_nano.a(lib_a-nano-svfprintf.o)
                0x0000000008029af4                __ssputs_r
 *fill*         0x0000000008029baa        0x2 
 .text._svfprintf_r
                0x0000000008029bac      0x200 c:/st/stm32cubeide_1.8.0/stm32cubeide/plugins/com.st.stm32cube.ide.mcu.externaltools.gnu-tools-for-stm32.9-2020-q2-update.win32_2.0.0.202105311346/tools/bin/../lib/gcc/arm-none-eabi/9.3.1/../../../../arm-none-eabi/lib/thumb/v7e-m+fp/hard\libc_nano.a(lib_a-nano-svfprintf.o)
                0x0000000008029bac                _svfiprintf_r
                0x0000000008029bac                _svfprintf_r
 .text._printf_common
                0x0000000008029dac       0xda c:/st/stm32cubeide_1.8.0/stm32cubeide/plugins/com.st.stm32cube.ide.mcu.externaltools.gnu-tools-for-stm32.9-2020-q2-update.win32_2.0.0.202105311346/tools/bin/../lib/gcc/arm-none-eabi/9.3.1/../../../../arm-none-eabi/lib/thumb/v7e-m+fp/hard\libc_nano.a(lib_a-nano-vfprintf_i.o)
                0x0000000008029dac                _printf_common
 *fill*         0x0000000008029e86        0x2 
 .text._printf_i
                0x0000000008029e88      0x24c c:/st/stm32cubeide_1.8.0/stm32cubeide/plugins/com.st.stm32cube.ide.mcu.externaltools.gnu-tools-for-stm32.9-2020-q2-update.win32_2.0.0.202105311346/tools/bin/../lib/gcc/arm-none-eabi/9.3.1/../../../../arm-none-eabi/lib/thumb/v7e-m+fp/hard\libc_nano.a(lib_a-nano-vfprintf_i.o)
                0x0000000008029e88                _printf_i
 .text._read_r  0x000000000802a0d4       0x24 c:/st/stm32cubeide_1.8.0/stm32cubeide/plugins/com.st.stm32cube.ide.mcu.externaltools.gnu-tools-for-stm32.9-2020-q2-update.win32_2.0.0.202105311346/tools/bin/../lib/gcc/arm-none-eabi/9.3.1/../../../../arm-none-eabi/lib/thumb/v7e-m+fp/hard\libc_nano.a(lib_a-readr.o)
                0x000000000802a0d4                _read_r
 .text._fstat_r
                0x000000000802a0f8       0x24 c:/st/stm32cubeide_1.8.0/stm32cubeide/plugins/com.st.stm32cube.ide.mcu.externaltools.gnu-tools-for-stm32.9-2020-q2-update.win32_2.0.0.202105311346/tools/bin/../lib/gcc/arm-none-eabi/9.3.1/../../../../arm-none-eabi/lib/thumb/v7e-m+fp/hard\libc_nano.a(lib_a-fstatr.o)
                0x000000000802a0f8                _fstat_r
 .text._isatty_r
                0x000000000802a11c       0x20 c:/st/stm32cubeide_1.8.0/stm32cubeide/plugins/com.st.stm32cube.ide.mcu.externaltools.gnu-tools-for-stm32.9-2020-q2-update.win32_2.0.0.202105311346/tools/bin/../lib/gcc/arm-none-eabi/9.3.1/../../../../arm-none-eabi/lib/thumb/v7e-m+fp/hard\libc_nano.a(lib_a-isattyr.o)
                0x000000000802a11c                _isatty_r
 .text.memmove  0x000000000802a13c       0x34 c:/st/stm32cubeide_1.8.0/stm32cubeide/plugins/com.st.stm32cube.ide.mcu.externaltools.gnu-tools-for-stm32.9-2020-q2-update.win32_2.0.0.202105311346/tools/bin/../lib/gcc/arm-none-eabi/9.3.1/../../../../arm-none-eabi/lib/thumb/v7e-m+fp/hard\libc_nano.a(lib_a-memmove.o)
                0x000000000802a13c                memmove
 .text._realloc_r
                0x000000000802a170       0x4c c:/st/stm32cubeide_1.8.0/stm32cubeide/plugins/com.st.stm32cube.ide.mcu.externaltools.gnu-tools-for-stm32.9-2020-q2-update.win32_2.0.0.202105311346/tools/bin/../lib/gcc/arm-none-eabi/9.3.1/../../../../arm-none-eabi/lib/thumb/v7e-m+fp/hard\libc_nano.a(lib_a-nano-reallocr.o)
                0x000000000802a170                _realloc_r
 .text._malloc_usable_size_r
                0x000000000802a1bc       0x10 c:/st/stm32cubeide_1.8.0/stm32cubeide/plugins/com.st.stm32cube.ide.mcu.externaltools.gnu-tools-for-stm32.9-2020-q2-update.win32_2.0.0.202105311346/tools/bin/../lib/gcc/arm-none-eabi/9.3.1/../../../../arm-none-eabi/lib/thumb/v7e-m+fp/hard\libc_nano.a(lib_a-nano-msizer.o)
                0x000000000802a1bc                _malloc_usable_size_r
 *(.glue_7)
 .glue_7        0x000000000802a1cc        0x0 linker stubs
 *(.glue_7t)
 .glue_7t       0x000000000802a1cc        0x0 linker stubs
 *(.eh_frame)
 .eh_frame      0x000000000802a1cc        0x0 c:/st/stm32cubeide_1.8.0/stm32cubeide/plugins/com.st.stm32cube.ide.mcu.externaltools.gnu-tools-for-stm32.9-2020-q2-update.win32_2.0.0.202105311346/tools/bin/../lib/gcc/arm-none-eabi/9.3.1/thumb/v7e-m+fp/hard/crtbegin.o
 *(.init)
 .init          0x000000000802a1cc        0x4 c:/st/stm32cubeide_1.8.0/stm32cubeide/plugins/com.st.stm32cube.ide.mcu.externaltools.gnu-tools-for-stm32.9-2020-q2-update.win32_2.0.0.202105311346/tools/bin/../lib/gcc/arm-none-eabi/9.3.1/thumb/v7e-m+fp/hard/crti.o
                0x000000000802a1cc                _init
 .init          0x000000000802a1d0        0x8 c:/st/stm32cubeide_1.8.0/stm32cubeide/plugins/com.st.stm32cube.ide.mcu.externaltools.gnu-tools-for-stm32.9-2020-q2-update.win32_2.0.0.202105311346/tools/bin/../lib/gcc/arm-none-eabi/9.3.1/thumb/v7e-m+fp/hard/crtn.o
 *(.fini)
 .fini          0x000000000802a1d8        0x4 c:/st/stm32cubeide_1.8.0/stm32cubeide/plugins/com.st.stm32cube.ide.mcu.externaltools.gnu-tools-for-stm32.9-2020-q2-update.win32_2.0.0.202105311346/tools/bin/../lib/gcc/arm-none-eabi/9.3.1/thumb/v7e-m+fp/hard/crti.o
                0x000000000802a1d8                _fini
 .fini          0x000000000802a1dc        0x8 c:/st/stm32cubeide_1.8.0/stm32cubeide/plugins/com.st.stm32cube.ide.mcu.externaltools.gnu-tools-for-stm32.9-2020-q2-update.win32_2.0.0.202105311346/tools/bin/../lib/gcc/arm-none-eabi/9.3.1/thumb/v7e-m+fp/hard/crtn.o
                0x000000000802a1e4                . = ALIGN (0x4)
                0x000000000802a1e4                _etext = .

.vfp11_veneer   0x000000000802a1e4        0x0
 .vfp11_veneer  0x000000000802a1e4        0x0 linker stubs

.v4_bx          0x000000000802a1e4        0x0
 .v4_bx         0x000000000802a1e4        0x0 linker stubs

.iplt           0x000000000802a1e4        0x0
 .iplt          0x000000000802a1e4        0x0 c:/st/stm32cubeide_1.8.0/stm32cubeide/plugins/com.st.stm32cube.ide.mcu.externaltools.gnu-tools-for-stm32.9-2020-q2-update.win32_2.0.0.202105311346/tools/bin/../lib/gcc/arm-none-eabi/9.3.1/thumb/v7e-m+fp/hard/crtbegin.o

.rodata         0x000000000802a1e4      0x768
                0x000000000802a1e4                . = ALIGN (0x4)
 *(.rodata)
 .rodata        0x000000000802a1e4      0x230 ./Core/Src/main.o
 .rodata        0x000000000802a414        0x1 ./Middlewares/Third_Party/FreeRTOS/Source/CMSIS_RTOS/cmsis_os.o
 *fill*         0x000000000802a415        0x3 
 .rodata        0x000000000802a418        0x5 ./Middlewares/Third_Party/FreeRTOS/Source/tasks.o
 *fill*         0x000000000802a41d        0x3 
 .rodata        0x000000000802a420        0xd ./Middlewares/Third_Party/FreeRTOS/Source/timers.o
 *fill*         0x000000000802a42d        0x3 
 .rodata        0x000000000802a430       0x18 ./User/M95Task.o
 .rodata        0x000000000802a448       0x14 ./User/ibutton.o
 .rodata        0x000000000802a45c      0x235 ./User/m95.o
 *(.rodata*)
 *fill*         0x000000000802a691        0x3 
 .rodata.AHBPrescTable
                0x000000000802a694       0x10 ./Core/Src/system_stm32f4xx.o
                0x000000000802a694                AHBPrescTable
 .rodata.APBPrescTable
                0x000000000802a6a4        0x8 ./Core/Src/system_stm32f4xx.o
                0x000000000802a6a4                APBPrescTable
 .rodata.flagBitshiftOffset.9183
                0x000000000802a6ac        0x8 ./Drivers/STM32F4xx_HAL_Driver/Src/stm32f4xx_hal_dma.o
 .rodata.MB_Slave_aucCRCHi
                0x000000000802a6b4      0x100 ./User/modbus.o
                0x000000000802a6b4                MB_Slave_aucCRCHi
 .rodata.MB_Slave_aucCRCLo
                0x000000000802a7b4      0x100 ./User/modbus.o
                0x000000000802a7b4                MB_Slave_aucCRCLo
 .rodata.__sf_fake_stderr
                0x000000000802a8b4       0x20 c:/st/stm32cubeide_1.8.0/stm32cubeide/plugins/com.st.stm32cube.ide.mcu.externaltools.gnu-tools-for-stm32.9-2020-q2-update.win32_2.0.0.202105311346/tools/bin/../lib/gcc/arm-none-eabi/9.3.1/../../../../arm-none-eabi/lib/thumb/v7e-m+fp/hard\libc_nano.a(lib_a-findfp.o)
                0x000000000802a8b4                __sf_fake_stderr
 .rodata.__sf_fake_stdin
                0x000000000802a8d4       0x20 c:/st/stm32cubeide_1.8.0/stm32cubeide/plugins/com.st.stm32cube.ide.mcu.externaltools.gnu-tools-for-stm32.9-2020-q2-update.win32_2.0.0.202105311346/tools/bin/../lib/gcc/arm-none-eabi/9.3.1/../../../../arm-none-eabi/lib/thumb/v7e-m+fp/hard\libc_nano.a(lib_a-findfp.o)
                0x000000000802a8d4                __sf_fake_stdin
 .rodata.__sf_fake_stdout
                0x000000000802a8f4       0x20 c:/st/stm32cubeide_1.8.0/stm32cubeide/plugins/com.st.stm32cube.ide.mcu.externaltools.gnu-tools-for-stm32.9-2020-q2-update.win32_2.0.0.202105311346/tools/bin/../lib/gcc/arm-none-eabi/9.3.1/../../../../arm-none-eabi/lib/thumb/v7e-m+fp/hard\libc_nano.a(lib_a-findfp.o)
                0x000000000802a8f4                __sf_fake_stdout
 .rodata._global_impure_ptr
                0x000000000802a914        0x4 c:/st/stm32cubeide_1.8.0/stm32cubeide/plugins/com.st.stm32cube.ide.mcu.externaltools.gnu-tools-for-stm32.9-2020-q2-update.win32_2.0.0.202105311346/tools/bin/../lib/gcc/arm-none-eabi/9.3.1/../../../../arm-none-eabi/lib/thumb/v7e-m+fp/hard\libc_nano.a(lib_a-impure.o)
                0x000000000802a914                _global_impure_ptr
 .rodata._svfprintf_r.str1.1
                0x000000000802a918       0x11 c:/st/stm32cubeide_1.8.0/stm32cubeide/plugins/com.st.stm32cube.ide.mcu.externaltools.gnu-tools-for-stm32.9-2020-q2-update.win32_2.0.0.202105311346/tools/bin/../lib/gcc/arm-none-eabi/9.3.1/../../../../arm-none-eabi/lib/thumb/v7e-m+fp/hard\libc_nano.a(lib_a-nano-svfprintf.o)
 .rodata._printf_i.str1.1
                0x000000000802a929       0x22 c:/st/stm32cubeide_1.8.0/stm32cubeide/plugins/com.st.stm32cube.ide.mcu.externaltools.gnu-tools-for-stm32.9-2020-q2-update.win32_2.0.0.202105311346/tools/bin/../lib/gcc/arm-none-eabi/9.3.1/../../../../arm-none-eabi/lib/thumb/v7e-m+fp/hard\libc_nano.a(lib_a-nano-vfprintf_i.o)
                0x000000000802a94c                . = ALIGN (0x4)
 *fill*         0x000000000802a94b        0x1 

.ARM.extab      0x000000000802a94c        0x0
                0x000000000802a94c                . = ALIGN (0x4)
 *(.ARM.extab* .gnu.linkonce.armextab.*)
                0x000000000802a94c                . = ALIGN (0x4)

.ARM            0x000000000802a94c        0x8
                0x000000000802a94c                . = ALIGN (0x4)
                0x000000000802a94c                __exidx_start = .
 *(.ARM.exidx*)
 .ARM.exidx     0x000000000802a94c        0x8 c:/st/stm32cubeide_1.8.0/stm32cubeide/plugins/com.st.stm32cube.ide.mcu.externaltools.gnu-tools-for-stm32.9-2020-q2-update.win32_2.0.0.202105311346/tools/bin/../lib/gcc/arm-none-eabi/9.3.1/thumb/v7e-m+fp/hard\libgcc.a(_udivmoddi4.o)
                0x000000000802a954                __exidx_end = .
                0x000000000802a954                . = ALIGN (0x4)

.rel.dyn        0x000000000802a954        0x0
 .rel.iplt      0x000000000802a954        0x0 c:/st/stm32cubeide_1.8.0/stm32cubeide/plugins/com.st.stm32cube.ide.mcu.externaltools.gnu-tools-for-stm32.9-2020-q2-update.win32_2.0.0.202105311346/tools/bin/../lib/gcc/arm-none-eabi/9.3.1/thumb/v7e-m+fp/hard/crtbegin.o

.preinit_array  0x000000000802a954        0x0
                0x000000000802a954                . = ALIGN (0x4)
                0x000000000802a954                PROVIDE (__preinit_array_start = .)
 *(.preinit_array*)
                0x000000000802a954                PROVIDE (__preinit_array_end = .)
                0x000000000802a954                . = ALIGN (0x4)

.init_array     0x000000000802a954        0x4
                0x000000000802a954                . = ALIGN (0x4)
                0x000000000802a954                PROVIDE (__init_array_start = .)
 *(SORT_BY_NAME(.init_array.*))
 *(.init_array*)
 .init_array    0x000000000802a954        0x4 c:/st/stm32cubeide_1.8.0/stm32cubeide/plugins/com.st.stm32cube.ide.mcu.externaltools.gnu-tools-for-stm32.9-2020-q2-update.win32_2.0.0.202105311346/tools/bin/../lib/gcc/arm-none-eabi/9.3.1/thumb/v7e-m+fp/hard/crtbegin.o
                0x000000000802a958                PROVIDE (__init_array_end = .)
                0x000000000802a958                . = ALIGN (0x4)

.fini_array     0x000000000802a958        0x4
                0x000000000802a958                . = ALIGN (0x4)