core_cm4.h:1939:34:__NVIC_SystemReset	4	static,ignoring_inline_asm
main.c:165:6:HAL_UART_TxCpltCallback	16	static
main.c:183:6:HAL_UART_RxCpltCallback	16	static
main.c:214:5:main	488	static
main.c:382:6:SystemClock_Config	88	static
main.c:431:13:MX_ADC1_Init	56	static
main.c:516:13:MX_IWDG_Init	8	static
main.c:544:13:MX_RTC_Init	32	static
main.c:607:13:MX_SPI2_Init	8	static
main.c:645:13:MX_USART1_UART_Init	8	static
main.c:678:13:MX_USART3_UART_Init	8	static
main.c:711:13:MX_USART6_UART_Init	8	static
main.c:742:13:MX_DMA_Init	16	static
main.c:770:13:MX_GPIO_Init	64	static
main.c:912:6:Callback_AT_Timer	16	static
main.c:919:6:Callback_Ring_Center_Timer	16	static
main.c:934:6:StartDefaultTask	16	static
main.c:957:6:HAL_TIM_PeriodElapsedCallback	16	static
main.c:974:6:Error_Handler	8	static
