da04_11gwa.c:4:6:LED1_A2_ON	8	static
da04_11gwa.c:9:6:LED1_A2_OFF	8	static
da04_11gwa.c:14:6:LED1_B2_ON	8	static
da04_11gwa.c:19:6:LED1_B2_OFF	8	static
da04_11gwa.c:24:6:LED1_C2_ON	8	static
da04_11gwa.c:29:6:LED1_C2_OFF	8	static
da04_11gwa.c:34:6:LED1_D2_ON	8	static
da04_11gwa.c:39:6:LED1_D2_OFF	8	static
da04_11gwa.c:44:6:LED1_E2_ON	8	static
da04_11gwa.c:49:6:LED1_E2_OFF	8	static
da04_11gwa.c:54:6:LED1_F2_ON	8	static
da04_11gwa.c:59:6:LED1_F2_OFF	8	static
da04_11gwa.c:64:6:LED1_G2_ON	8	static
da04_11gwa.c:69:6:LED1_G2_OFF	8	static
da04_11gwa.c:77:6:LED1_A1_ON	8	static
da04_11gwa.c:82:6:LED1_A1_OFF	8	static
da04_11gwa.c:87:6:LED1_B1_ON	8	static
da04_11gwa.c:92:6:LED1_B1_OFF	8	static
da04_11gwa.c:97:6:LED1_C1_ON	8	static
da04_11gwa.c:102:6:LED1_C1_OFF	8	static
da04_11gwa.c:107:6:LED1_D1_ON	8	static
da04_11gwa.c:112:6:LED1_D1_OFF	8	static
da04_11gwa.c:117:6:LED1_E1_ON	8	static
da04_11gwa.c:122:6:LED1_E1_OFF	8	static
da04_11gwa.c:127:6:LED1_F1_ON	8	static
da04_11gwa.c:132:6:LED1_F1_OFF	8	static
da04_11gwa.c:137:6:LED1_G1_ON	8	static
da04_11gwa.c:142:6:LED1_G1_OFF	8	static
da04_11gwa.c:149:6:LED2_A2_ON	8	static
da04_11gwa.c:154:6:LED2_A2_OFF	8	static
da04_11gwa.c:159:6:LED2_B2_ON	8	static
da04_11gwa.c:164:6:LED2_B2_OFF	8	static
da04_11gwa.c:169:6:LED2_C2_ON	8	static
da04_11gwa.c:174:6:LED2_C2_OFF	8	static
da04_11gwa.c:179:6:LED2_D2_ON	8	static
da04_11gwa.c:184:6:LED2_D2_OFF	8	static
da04_11gwa.c:189:6:LED2_E2_ON	8	static
da04_11gwa.c:194:6:LED2_E2_OFF	8	static
da04_11gwa.c:199:6:LED2_F2_ON	8	static
da04_11gwa.c:204:6:LED2_F2_OFF	8	static
da04_11gwa.c:209:6:LED2_G2_ON	8	static
da04_11gwa.c:214:6:LED2_G2_OFF	8	static
da04_11gwa.c:221:6:LED2_A1_ON	8	static
da04_11gwa.c:226:6:LED2_A1_OFF	8	static
da04_11gwa.c:231:6:LED2_B1_ON	8	static
da04_11gwa.c:236:6:LED2_B1_OFF	8	static
da04_11gwa.c:241:6:LED2_C1_ON	8	static
da04_11gwa.c:246:6:LED2_C1_OFF	8	static
da04_11gwa.c:251:6:LED2_D1_ON	8	static
da04_11gwa.c:256:6:LED2_D1_OFF	8	static
da04_11gwa.c:261:6:LED2_E1_ON	8	static
da04_11gwa.c:266:6:LED2_E1_OFF	8	static
da04_11gwa.c:271:6:LED2_F1_ON	8	static
da04_11gwa.c:276:6:LED2_F1_OFF	8	static
da04_11gwa.c:281:6:LED2_G1_ON	8	static
da04_11gwa.c:286:6:LED2_G1_OFF	8	static
da04_11gwa.c:294:6:dig1_set_0	8	static
da04_11gwa.c:305:6:dig1_set_1	8	static
da04_11gwa.c:316:6:dig1_set_2	8	static
da04_11gwa.c:327:6:dig1_set_3	8	static
da04_11gwa.c:338:6:dig1_set_4	8	static
da04_11gwa.c:349:6:dig1_set_5	8	static
da04_11gwa.c:360:6:dig1_set_6	8	static
da04_11gwa.c:371:6:dig1_set_7	8	static
da04_11gwa.c:382:6:dig1_set_8	8	static
da04_11gwa.c:393:6:dig1_set_9	8	static
da04_11gwa.c:407:6:dig2_set_0	8	static
da04_11gwa.c:418:6:dig2_set_1	8	static
da04_11gwa.c:429:6:dig2_set_2	8	static
da04_11gwa.c:440:6:dig2_set_3	8	static
da04_11gwa.c:451:6:dig2_set_4	8	static
da04_11gwa.c:462:6:dig2_set_5	8	static
da04_11gwa.c:473:6:dig2_set_6	8	static
da04_11gwa.c:484:6:dig2_set_7	8	static
da04_11gwa.c:495:6:dig2_set_8	8	static
da04_11gwa.c:506:6:dig2_set_9	8	static
da04_11gwa.c:519:6:dig3_set_0	8	static
da04_11gwa.c:530:6:dig3_set_1	8	static
da04_11gwa.c:541:6:dig3_set_2	8	static
da04_11gwa.c:552:6:dig3_set_3	8	static
da04_11gwa.c:563:6:dig3_set_4	8	static
da04_11gwa.c:574:6:dig3_set_5	8	static
da04_11gwa.c:585:6:dig3_set_6	8	static
da04_11gwa.c:596:6:dig3_set_7	8	static
da04_11gwa.c:607:6:dig3_set_8	8	static
da04_11gwa.c:618:6:dig3_set_9	8	static
da04_11gwa.c:631:6:dig4_set_0	8	static
da04_11gwa.c:642:6:dig4_set_1	8	static
da04_11gwa.c:653:6:dig4_set_2	8	static
da04_11gwa.c:664:6:dig4_set_3	8	static
da04_11gwa.c:675:6:dig4_set_4	8	static
da04_11gwa.c:686:6:dig4_set_5	8	static
da04_11gwa.c:697:6:dig4_set_6	8	static
da04_11gwa.c:708:6:dig4_set_7	8	static
da04_11gwa.c:719:6:dig4_set_8	8	static
da04_11gwa.c:730:6:dig4_set_9	8	static
